2026-10-04T08:43:26.4623308Z Current runner version: '2.337.0'
2026-10-04T08:43:26.4649020Z ##[group]Runner Image Provisioner
2026-10-04T08:43:26.4649856Z Hosted Compute Agent
2026-10-04T08:43:26.4650379Z Version: 20260901.588
2026-10-04T08:43:26.4650981Z Commit: f88ec8081b781fac6c440065ac7ff9e710ce3d0b
2026-10-04T08:43:26.4651660Z Build Date: 2026-09-01T19:56:44Z
2026-10-04T08:43:26.4652304Z Worker ID: {3c358278-dccb-43d6-aac6-d478f1af7c18}
2026-10-04T08:43:26.4652961Z Azure Region: westus2
2026-10-04T08:43:26.4653477Z ##[endgroup]
2026-10-04T08:43:26.4654854Z ##[group]Operating System
2026-10-04T08:43:26.4655498Z Microsoft Windows Server 2022
2026-10-04T08:43:26.4656049Z 10.0.20348
2026-10-04T08:43:26.4656505Z Datacenter
2026-10-04T08:43:26.4657013Z ##[endgroup]
2026-10-04T08:43:26.4657500Z ##[group]Runner Image
2026-10-04T08:43:26.4658061Z Image: windows-2022
2026-10-04T08:43:26.4658557Z Version: 20260927.320.1
2026-10-04T08:43:26.4660275Z Included Software: https://github.com/actions/runner-images/blob/win22/20260927.320/images/windows/Windows2022-Readme.md
2026-10-04T08:43:26.4661691Z Image Release: https://github.com/actions/runner-images/releases/tag/win22%2F20260927.320
2026-10-04T08:43:26.4662571Z ##[endgroup]
2026-10-04T08:43:26.4663571Z ##[group]GITHUB_TOKEN Permissions
2026-10-04T08:43:26.4665522Z Contents: read
2026-10-04T08:43:26.4666075Z Metadata: read
2026-10-04T08:43:26.4666664Z ##[endgroup]
2026-10-04T08:43:26.4668786Z Secret source: Actions
2026-10-04T08:43:26.4669654Z Cache mode: write
2026-10-04T08:43:26.4670328Z Prepare workflow directory
2026-10-04T08:43:26.5135517Z Prepare all required actions
2026-10-04T08:43:26.5204515Z Getting action download info
2026-10-04T08:43:26.9322671Z Download action repository 'actions/checkout@11bd71901bbe5b1630ceea73d27597364c9af683' (SHA:11bd71901bbe5b1630ceea73d27597364c9af683)
2026-10-04T08:43:27.0500469Z Download action repository 'actions/setup-python@a26af69be951a213d495a4c3e4e4022e16d87065' (SHA:a26af69be951a213d495a4c3e4e4022e16d87065)
2026-10-04T08:43:27.1801250Z Download action repository 'actions/upload-artifact@ea165f8d65b6e75b540449e92b4886f43607fa02' (SHA:ea165f8d65b6e75b540449e92b4886f43607fa02)
2026-10-04T08:43:27.5179493Z Complete job name: fixed-python-lab
2026-10-04T08:43:27.6651976Z ##[group]Run if ($env:SOURCE_SHA -cnotmatch '^[0-9a-f]{40}$') { throw 'A full immutable reviewed source SHA is required.' }
2026-10-04T08:43:27.6653781Z [36;1mif ($env:SOURCE_SHA -cnotmatch '^[0-9a-f]{40}$') { throw 'A full immutable reviewed source SHA is required.' }[0m
2026-10-04T08:43:27.6655285Z [36;1mif ($env:APPROVED_SECURITY_CHANGES -cne 'true') { throw 'Security-change approval absent; no lab work permitted.' }[0m
2026-10-04T08:43:27.6656722Z [36;1mif ($env:ImageOS -ne 'win22') { throw 'Only fresh Windows Server 2022 hosted runners are in scope.' }[0m
2026-10-04T08:43:27.6657942Z [36;1m# Preserve frozen manifest bytes during the first checkout on Windows.[0m
2026-10-04T08:43:27.6658831Z [36;1mgit config --global core.autocrlf false[0m
2026-10-04T08:43:27.6659756Z [36;1mif ($LASTEXITCODE -ne 0) { throw 'Cannot disable checkout newline conversion.' }[0m
2026-10-04T08:43:27.6660628Z [36;1mgit config --global core.eol lf[0m
2026-10-04T08:43:27.6661549Z [36;1mif ($LASTEXITCODE -ne 0) { throw 'Cannot select byte-stable checkout line endings.' }[0m
2026-10-04T08:43:27.6784358Z shell: C:\Program Files\PowerShell\7\pwsh.EXE -command ". '{0}'"
2026-10-04T08:43:27.6785484Z env:
2026-10-04T08:43:27.6785965Z   CARGO_TERM_COLOR: never
2026-10-04T08:43:27.6786478Z   RUST_BACKTRACE: 1
2026-10-04T08:43:27.6786940Z   PYTHONUTF8: 1
2026-10-04T08:43:27.6787484Z   SOURCE_SHA: 07664a27f9b6d5fe9a54dd4c75ea098ececef39d
2026-10-04T08:43:27.6788162Z   APPROVED_SECURITY_CHANGES: true
2026-10-04T08:43:27.6788712Z ##[endgroup]
2026-10-04T08:43:28.6073547Z ##[group]Run actions/checkout@11bd71901bbe5b1630ceea73d27597364c9af683
2026-10-04T08:43:28.6075198Z with:
2026-10-04T08:43:28.6076142Z   ref: 07664a27f9b6d5fe9a54dd4c75ea098ececef39d
2026-10-04T08:43:28.6079270Z   persist-credentials: false
2026-10-04T08:43:28.6080316Z   fetch-depth: 1
2026-10-04T08:43:28.6081343Z   repository: ni-taesoon/pi-windows-sandbox-poc
2026-10-04T08:43:28.6090709Z   token: ***
2026-10-04T08:43:28.6091547Z   ssh-strict: true
2026-10-04T08:43:28.6092432Z   ssh-user: git
2026-10-04T08:43:28.6093285Z   clean: true
2026-10-04T08:43:28.6094160Z   sparse-checkout-cone-mode: true
2026-10-04T08:43:28.6095219Z   fetch-tags: false
2026-10-04T08:43:28.6096108Z   show-progress: true
2026-10-04T08:43:28.6096999Z   lfs: false
2026-10-04T08:43:28.6097818Z   submodules: false
2026-10-04T08:43:28.6098745Z   set-safe-directory: true
2026-10-04T08:43:28.6099699Z env:
2026-10-04T08:43:28.6100494Z   CARGO_TERM_COLOR: never
2026-10-04T08:43:28.6101484Z   RUST_BACKTRACE: 1
2026-10-04T08:43:28.6102361Z   PYTHONUTF8: 1
2026-10-04T08:43:28.6103188Z ##[endgroup]
2026-10-04T08:43:28.7571275Z Syncing repository: ni-taesoon/pi-windows-sandbox-poc
2026-10-04T08:43:28.7574167Z ##[group]Getting Git version info
2026-10-04T08:43:28.7575839Z Working directory is 'D:\a\pi-windows-sandbox-poc\pi-windows-sandbox-poc'
2026-10-04T08:43:28.8659465Z [command]"C:\Program Files\Git\bin\git.exe" version
2026-10-04T08:43:28.8879671Z git version 2.55.0.windows.5
2026-10-04T08:43:28.8916241Z ##[endgroup]
2026-10-04T08:43:28.8929259Z Copying 'C:\Users\runneradmin\.gitconfig' to 'D:\a\_temp\8179bcb7-254f-4956-a123-929f5e16e89d\.gitconfig'
2026-10-04T08:43:28.8951304Z Temporarily overriding HOME='D:\a\_temp\8179bcb7-254f-4956-a123-929f5e16e89d' before making global git config changes
2026-10-04T08:43:28.8955607Z Adding repository directory to the temporary git global config as a safe directory
2026-10-04T08:43:28.8963827Z [command]"C:\Program Files\Git\bin\git.exe" config --global --add safe.directory D:\a\pi-windows-sandbox-poc\pi-windows-sandbox-poc
2026-10-04T08:43:28.9191037Z Deleting the contents of 'D:\a\pi-windows-sandbox-poc\pi-windows-sandbox-poc'
2026-10-04T08:43:28.9196278Z ##[group]Initializing the repository
2026-10-04T08:43:28.9205412Z [command]"C:\Program Files\Git\bin\git.exe" init D:\a\pi-windows-sandbox-poc\pi-windows-sandbox-poc
2026-10-04T08:43:29.0074205Z Initialized empty Git repository in D:/a/pi-windows-sandbox-poc/pi-windows-sandbox-poc/.git/
2026-10-04T08:43:29.0082746Z [command]"C:\Program Files\Git\bin\git.exe" remote add origin https://github.com/ni-taesoon/pi-windows-sandbox-poc
2026-10-04T08:43:29.0554685Z ##[endgroup]
2026-10-04T08:43:29.0556324Z ##[group]Disabling automatic garbage collection
2026-10-04T08:43:29.0563534Z [command]"C:\Program Files\Git\bin\git.exe" config --local gc.auto 0
2026-10-04T08:43:29.0800426Z ##[endgroup]
2026-10-04T08:43:29.0801945Z ##[group]Setting up auth
2026-10-04T08:43:29.0813204Z [command]"C:\Program Files\Git\bin\git.exe" config --local --name-only --get-regexp core\.sshCommand
2026-10-04T08:43:29.1054418Z [command]"C:\Program Files\Git\bin\git.exe" submodule foreach --recursive "sh -c \"git config --local --name-only --get-regexp 'core\.sshCommand' && git config --local --unset-all 'core.sshCommand' || :\""
2026-10-04T08:43:30.4555320Z [command]"C:\Program Files\Git\bin\git.exe" config --local --name-only --get-regexp http\.https\:\/\/github\.com\/\.extraheader
2026-10-04T08:43:30.4785722Z [command]"C:\Program Files\Git\bin\git.exe" submodule foreach --recursive "sh -c \"git config --local --name-only --get-regexp 'http\.https\:\/\/github\.com\/\.extraheader' && git config --local --unset-all 'http.https://github.com/.extraheader' || :\""
2026-10-04T08:43:30.9240400Z [command]"C:\Program Files\Git\bin\git.exe" config --local http.https://github.com/.extraheader "AUTHORIZATION: basic ***"
2026-10-04T08:43:30.9475991Z ##[endgroup]
2026-10-04T08:43:30.9476689Z ##[group]Fetching the repository
2026-10-04T08:43:30.9498351Z [command]"C:\Program Files\Git\bin\git.exe" -c protocol.version=2 fetch --no-tags --prune --no-recurse-submodules --depth=1 origin 07664a27f9b6d5fe9a54dd4c75ea098ececef39d
2026-10-04T08:43:31.9058397Z From https://github.com/ni-taesoon/pi-windows-sandbox-poc
2026-10-04T08:43:31.9060571Z  * branch            07664a27f9b6d5fe9a54dd4c75ea098ececef39d -> FETCH_HEAD
2026-10-04T08:43:31.9088766Z ##[endgroup]
2026-10-04T08:43:31.9089169Z ##[group]Determining the checkout info
2026-10-04T08:43:31.9091687Z ##[endgroup]
2026-10-04T08:43:31.9101005Z [command]"C:\Program Files\Git\bin\git.exe" sparse-checkout disable
2026-10-04T08:43:31.9481067Z [command]"C:\Program Files\Git\bin\git.exe" config --local --unset-all extensions.worktreeConfig
2026-10-04T08:43:31.9706257Z ##[group]Checking out the ref
2026-10-04T08:43:31.9716520Z [command]"C:\Program Files\Git\bin\git.exe" checkout --progress --force 07664a27f9b6d5fe9a54dd4c75ea098ececef39d
2026-10-04T08:43:32.0362844Z Note: switching to '07664a27f9b6d5fe9a54dd4c75ea098ececef39d'.
2026-10-04T08:43:32.0363200Z 
2026-10-04T08:43:32.0363413Z You are in 'detached HEAD' state. You can look around, make experimental
2026-10-04T08:43:32.0363886Z changes and commit them, and you can discard any commits you make in this
2026-10-04T08:43:32.0364362Z state without impacting any branches by switching back to a branch.
2026-10-04T08:43:32.0364625Z 
2026-10-04T08:43:32.0364805Z If you want to create a new branch to retain commits you create, you may
2026-10-04T08:43:32.0365237Z do so (now or later) by using -c with the switch command. Example:
2026-10-04T08:43:32.0365494Z 
2026-10-04T08:43:32.0365604Z   git switch -c <new-branch-name>
2026-10-04T08:43:32.0365778Z 
2026-10-04T08:43:32.0365869Z Or undo this operation with:
2026-10-04T08:43:32.0366022Z 
2026-10-04T08:43:32.0366101Z   git switch -
2026-10-04T08:43:32.0366239Z 
2026-10-04T08:43:32.0366456Z Turn off this advice by setting config variable advice.detachedHead to false
2026-10-04T08:43:32.0366756Z 
2026-10-04T08:43:32.0367011Z HEAD is now at 07664a2 Merge pull request #2 from ni-taesoon/test/windows-python-lab
2026-10-04T08:43:32.0457828Z ##[endgroup]
2026-10-04T08:43:32.0778176Z [command]"C:\Program Files\Git\bin\git.exe" log -1 --format=%H
2026-10-04T08:43:32.0987879Z 07664a27f9b6d5fe9a54dd4c75ea098ececef39d
2026-10-04T08:43:32.1017829Z ##[group]Removing auth
2026-10-04T08:43:32.1025823Z [command]"C:\Program Files\Git\bin\git.exe" config --local --name-only --get-regexp core\.sshCommand
2026-10-04T08:43:32.1246633Z [command]"C:\Program Files\Git\bin\git.exe" submodule foreach --recursive "sh -c \"git config --local --name-only --get-regexp 'core\.sshCommand' && git config --local --unset-all 'core.sshCommand' || :\""
2026-10-04T08:43:32.5687496Z [command]"C:\Program Files\Git\bin\git.exe" config --local --name-only --get-regexp http\.https\:\/\/github\.com\/\.extraheader
2026-10-04T08:43:32.5884574Z http.https://github.com/.extraheader
2026-10-04T08:43:32.5913740Z [command]"C:\Program Files\Git\bin\git.exe" config --local --unset-all http.https://github.com/.extraheader
2026-10-04T08:43:32.6141176Z [command]"C:\Program Files\Git\bin\git.exe" submodule foreach --recursive "sh -c \"git config --local --name-only --get-regexp 'http\.https\:\/\/github\.com\/\.extraheader' && git config --local --unset-all 'http.https://github.com/.extraheader' || :\""
2026-10-04T08:43:33.0991886Z ##[endgroup]
2026-10-04T08:43:33.1230709Z ##[group]Run $actual = git rev-parse HEAD
2026-10-04T08:43:33.1231103Z [36;1m$actual = git rev-parse HEAD[0m
2026-10-04T08:43:33.1231578Z [36;1mif ($LASTEXITCODE -ne 0 -or $actual -cne $env:SOURCE_SHA) { throw 'Source identity mismatch.' }[0m
2026-10-04T08:43:33.1232144Z [36;1mNew-Item -ItemType Directory -Path lab-evidence | Out-Null[0m
2026-10-04T08:43:33.1232569Z [36;1m$actual | Set-Content lab-evidence/source-commit.txt[0m
2026-10-04T08:43:33.1270555Z shell: C:\Program Files\PowerShell\7\pwsh.EXE -command ". '{0}'"
2026-10-04T08:43:33.1270892Z env:
2026-10-04T08:43:33.1271070Z   CARGO_TERM_COLOR: never
2026-10-04T08:43:33.1271284Z   RUST_BACKTRACE: 1
2026-10-04T08:43:33.1271470Z   PYTHONUTF8: 1
2026-10-04T08:43:33.1271713Z   SOURCE_SHA: 07664a27f9b6d5fe9a54dd4c75ea098ececef39d
2026-10-04T08:43:33.1272161Z ##[endgroup]
2026-10-04T08:43:33.5147569Z ##[group]Run actions/setup-python@a26af69be951a213d495a4c3e4e4022e16d87065
2026-10-04T08:43:33.5148031Z with:
2026-10-04T08:43:33.5148214Z   python-version: 3.12
2026-10-04T08:43:33.5148427Z   architecture: x64
2026-10-04T08:43:33.5148618Z   check-latest: false
2026-10-04T08:43:33.5151211Z   token: ***
2026-10-04T08:43:33.5151404Z   update-environment: true
2026-10-04T08:43:33.5151628Z   allow-prereleases: false
2026-10-04T08:43:33.5151832Z   freethreaded: false
2026-10-04T08:43:33.5152013Z env:
2026-10-04T08:43:33.5152184Z   CARGO_TERM_COLOR: never
2026-10-04T08:43:33.5152388Z   RUST_BACKTRACE: 1
2026-10-04T08:43:33.5152570Z   PYTHONUTF8: 1
2026-10-04T08:43:33.5152743Z ##[endgroup]
2026-10-04T08:43:33.6733773Z ##[group]Installed versions
2026-10-04T08:43:33.6895872Z (node:5360) [DEP0040] DeprecationWarning: The `punycode` module is deprecated. Please use a userland alternative instead.
2026-10-04T08:43:33.6896622Z (Use `node --trace-deprecation ...` to show where the warning was created)
2026-10-04T08:43:33.6897973Z Successfully set up CPython (3.12.10)
2026-10-04T08:43:33.6898556Z ##[endgroup]
2026-10-04T08:43:33.7116115Z ##[group]Run python -c "from pathlib import Path; from scripts.collect_windows_lab import source_identity; identity=source_identity(Path.cwd()); assert identity['allListedFilesMatch'] and identity['nativeFalseDeclarationObserved'], 'source manifest or production gate mismatch'; print(identity['manifestSha256'])"
2026-10-04T08:43:33.7118382Z [36;1mpython -c "from pathlib import Path; from scripts.collect_windows_lab import source_identity; identity=source_identity(Path.cwd()); assert identity['allListedFilesMatch'] and identity['nativeFalseDeclarationObserved'], 'source manifest or production gate mismatch'; print(identity['manifestSha256'])"[0m
2026-10-04T08:43:33.7119698Z [36;1mif ($LASTEXITCODE -ne 0) { throw 'Frozen source verification failed.' }[0m
2026-10-04T08:43:33.7120290Z [36;1mCopy-Item -LiteralPath SOURCE_SHA256SUMS.txt -Destination lab-evidence/SOURCE_SHA256SUMS.txt[0m
2026-10-04T08:43:33.7163039Z shell: C:\Program Files\PowerShell\7\pwsh.EXE -command ". '{0}'"
2026-10-04T08:43:33.7163391Z env:
2026-10-04T08:43:33.7163567Z   CARGO_TERM_COLOR: never
2026-10-04T08:43:33.7163779Z   RUST_BACKTRACE: 1
2026-10-04T08:43:33.7163955Z   PYTHONUTF8: 1
2026-10-04T08:43:33.7164230Z   pythonLocation: C:\hostedtoolcache\windows\Python\3.12.10\x64
2026-10-04T08:43:33.7164687Z   PKG_CONFIG_PATH: C:\hostedtoolcache\windows\Python\3.12.10\x64/lib/pkgconfig
2026-10-04T08:43:33.7165138Z   Python_ROOT_DIR: C:\hostedtoolcache\windows\Python\3.12.10\x64
2026-10-04T08:43:33.7165541Z   Python2_ROOT_DIR: C:\hostedtoolcache\windows\Python\3.12.10\x64
2026-10-04T08:43:33.7165936Z   Python3_ROOT_DIR: C:\hostedtoolcache\windows\Python\3.12.10\x64
2026-10-04T08:43:33.7166244Z ##[endgroup]
2026-10-04T08:43:37.1432196Z c36e2a5b04784a64bc59a977630fe5b1c9aa4c705e389e6e9133eb3ff9cf1173
2026-10-04T08:43:37.2659117Z ##[group]Run rustup toolchain install stable --profile minimal --target x86_64-pc-windows-msvc
2026-10-04T08:43:37.2659909Z [36;1mrustup toolchain install stable --profile minimal --target x86_64-pc-windows-msvc[0m
2026-10-04T08:43:37.2660502Z [36;1mif ($LASTEXITCODE -ne 0) { throw 'Official Rust toolchain setup failed.' }[0m
2026-10-04T08:43:37.2661106Z [36;1mrustup run stable rustc --version --verbose | Tee-Object -FilePath lab-evidence/toolchain.txt[0m
2026-10-04T08:43:37.2661684Z [36;1mif ($LASTEXITCODE -ne 0) { throw 'Rust toolchain unavailable.' }[0m
2026-10-04T08:43:37.2662683Z [36;1mrustup run stable cargo build --locked --target x86_64-pc-windows-msvc --manifest-path native/windows-sandbox/Cargo.toml --bin pi-windows-sandbox --example python_lab 2>&1 | Tee-Object -FilePath lab-evidence/build.log[0m
2026-10-04T08:43:37.2663694Z [36;1mif ($LASTEXITCODE -ne 0) { throw 'Native build/link failed; no launch.' }[0m
2026-10-04T08:43:37.2664235Z [36;1m$build = "$PWD/native/windows-sandbox/target/x86_64-pc-windows-msvc/debug"[0m
2026-10-04T08:43:37.2664828Z [36;1m[ordered]@{[0m
2026-10-04T08:43:37.2665048Z [36;1m  sourceCommit = $env:SOURCE_SHA[0m
2026-10-04T08:43:37.2665484Z [36;1m  sourceManifestSha256 = (Get-FileHash SOURCE_SHA256SUMS.txt -Algorithm SHA256).Hash[0m
2026-10-04T08:43:37.2666174Z [36;1m  lockfileSha256 = (Get-FileHash native/windows-sandbox/Cargo.lock -Algorithm SHA256).Hash[0m
2026-10-04T08:43:37.2666787Z [36;1m  driverSha256 = (Get-FileHash "$build/examples/python_lab.exe" -Algorithm SHA256).Hash[0m
2026-10-04T08:43:37.2667374Z [36;1m  helperSha256 = (Get-FileHash "$build/pi-windows-sandbox.exe" -Algorithm SHA256).Hash[0m
2026-10-04T08:43:37.2667953Z [36;1m  pythonSha256 = (Get-FileHash "$env:pythonLocation/python.exe" -Algorithm SHA256).Hash[0m
2026-10-04T08:43:37.2668758Z [36;1m  provenance = 'Trusted pinned-source build and official setup-python runtime; hashes do not independently prove compiler or package provenance.'[0m
2026-10-04T08:43:37.2669556Z [36;1m} | ConvertTo-Json | Set-Content lab-evidence/build-identity.json[0m
2026-10-04T08:43:37.2709704Z shell: C:\Program Files\PowerShell\7\pwsh.EXE -command ". '{0}'"
2026-10-04T08:43:37.2710043Z env:
2026-10-04T08:43:37.2710212Z   CARGO_TERM_COLOR: never
2026-10-04T08:43:37.2710420Z   RUST_BACKTRACE: 1
2026-10-04T08:43:37.2710601Z   PYTHONUTF8: 1
2026-10-04T08:43:37.2710869Z   pythonLocation: C:\hostedtoolcache\windows\Python\3.12.10\x64
2026-10-04T08:43:37.2711327Z   PKG_CONFIG_PATH: C:\hostedtoolcache\windows\Python\3.12.10\x64/lib/pkgconfig
2026-10-04T08:43:37.2711774Z   Python_ROOT_DIR: C:\hostedtoolcache\windows\Python\3.12.10\x64
2026-10-04T08:43:37.2712169Z   Python2_ROOT_DIR: C:\hostedtoolcache\windows\Python\3.12.10\x64
2026-10-04T08:43:37.2712565Z   Python3_ROOT_DIR: C:\hostedtoolcache\windows\Python\3.12.10\x64
2026-10-04T08:43:37.2712919Z   SOURCE_SHA: 07664a27f9b6d5fe9a54dd4c75ea098ececef39d
2026-10-04T08:43:37.2713192Z ##[endgroup]
2026-10-04T08:43:40.4482877Z info: syncing channel updates for stable-x86_64-pc-windows-msvc
2026-10-04T08:43:40.9381596Z info: latest update on 2026-10-01 for version 1.99.0 (b940084d7 2026-09-28)
2026-10-04T08:43:40.9700560Z info: removing previous version of component rustfmt
2026-10-04T08:43:40.9959435Z info: removing previous version of component clippy
2026-10-04T08:43:41.0108369Z info: removing previous version of component rust-std for target x86_64-pc-windows-gnu
2026-10-04T08:43:41.1325061Z info: removing previous version of component rust-std for target i686-pc-windows-msvc
2026-10-04T08:43:41.2128131Z info: removing previous version of component cargo
2026-10-04T08:43:41.2713419Z info: removing previous version of component rust-std
2026-10-04T08:43:41.3445662Z info: removing previous version of component rustc
2026-10-04T08:43:41.4294955Z info: downloading 7 components
2026-10-04T08:43:52.6596280Z 
2026-10-04T08:43:54.1870946Z   stable-x86_64-pc-windows-msvc updated - rustc 1.99.0 (b940084d7 2026-09-28) (from rustc 1.98.1 (48a229cea 2026-09-01))
2026-10-04T08:43:54.1871823Z 
2026-10-04T08:43:54.3244271Z rustc 1.99.0 (b940084d7 2026-09-28)
2026-10-04T08:43:54.3248498Z binary: rustc
2026-10-04T08:43:54.3250889Z commit-hash: b940084d7eb6a299eb4bfeb8e34901bc051e7ac4
2026-10-04T08:43:54.3253157Z commit-date: 2026-09-28
2026-10-04T08:43:54.3256466Z host: x86_64-pc-windows-msvc
2026-10-04T08:43:54.3258743Z release: 1.99.0
2026-10-04T08:43:54.3261544Z LLVM version: 23.1.1
2026-10-04T08:43:54.6447447Z [31;1m    Updating crates.io index[0m
2026-10-04T08:43:55.0375503Z [31;1m Downloading crates ...[0m
2026-10-04T08:43:55.1369182Z [31;1m  Downloaded itoa v1.0.18[0m
2026-10-04T08:43:55.1499112Z [31;1m  Downloaded windows-result v0.2.0[0m
2026-10-04T08:43:55.1645013Z [31;1m  Downloaded fastrand v2.5.0[0m
2026-10-04T08:43:55.1840628Z [31;1m  Downloaded windows-interface v0.58.0[0m
2026-10-04T08:43:55.1944569Z [31;1m  Downloaded windows-targets v0.52.6[0m
2026-10-04T08:43:55.2041274Z [31;1m  Downloaded cfg-if v1.0.5[0m
2026-10-04T08:43:55.2132454Z [31;1m  Downloaded windows-link v0.2.1[0m
2026-10-04T08:43:55.2205641Z [31;1m  Downloaded windows-strings v0.1.0[0m
2026-10-04T08:43:55.2344161Z [31;1m  Downloaded base64 v0.22.1[0m
2026-10-04T08:43:55.2643109Z [31;1m  Downloaded windows-implement v0.58.0[0m
2026-10-04T08:43:55.2733823Z [31;1m  Downloaded zeroize v1.9.0[0m
2026-10-04T08:43:55.2891619Z [31;1m  Downloaded quote v1.0.47[0m
2026-10-04T08:43:55.3150329Z [31;1m  Downloaded anyhow v1.0.104[0m
2026-10-04T08:43:55.4643693Z [31;1m  Downloaded unicode-ident v1.0.26[0m
2026-10-04T08:43:55.4912132Z [31;1m  Downloaded diff v0.1.13[0m
2026-10-04T08:43:55.5128441Z [31;1m  Downloaded once_cell v1.21.4[0m
2026-10-04T08:43:55.5405408Z [31;1m  Downloaded zmij v1.0.23[0m
2026-10-04T08:43:55.5561807Z [31;1m  Downloaded windows-core v0.58.0[0m
2026-10-04T08:43:55.5874459Z [31;1m  Downloaded getrandom v0.4.3[0m
2026-10-04T08:43:55.6301534Z [31;1m  Downloaded serde_derive v1.0.229[0m
2026-10-04T08:43:55.6669230Z [31;1m  Downloaded tempfile v3.27.0[0m
2026-10-04T08:43:55.6930695Z [31;1m  Downloaded yansi v1.0.1[0m
2026-10-04T08:43:55.7161433Z [31;1m  Downloaded pretty_assertions v1.4.1[0m
2026-10-04T08:43:55.7357007Z [31;1m  Downloaded proc-macro2 v1.0.107[0m
2026-10-04T08:43:55.7658147Z [31;1m  Downloaded serde_core v1.0.229[0m
2026-10-04T08:43:55.7943069Z [31;1m  Downloaded serde v1.0.229[0m
2026-10-04T08:43:55.8337437Z [31;1m  Downloaded memchr v2.8.3[0m
2026-10-04T08:43:55.8956468Z [31;1m  Downloaded serde_json v1.0.151[0m
2026-10-04T08:43:56.4241935Z [31;1m  Downloaded syn v2.0.119[0m
2026-10-04T08:43:56.5250819Z [31;1m  Downloaded syn v3.0.6[0m
2026-10-04T08:43:56.6146278Z [31;1m  Downloaded windows_x86_64_msvc v0.52.6[0m
2026-10-04T08:43:56.6411260Z [31;1m  Downloaded windows-sys v0.61.2[0m
2026-10-04T08:43:57.1261338Z [31;1m  Downloaded windows-sys v0.52.0[0m
2026-10-04T08:43:57.6569303Z [31;1m  Downloaded windows v0.58.0[0m
2026-10-04T08:44:00.6171031Z [31;1m   Compiling proc-macro2 v1.0.107[0m
2026-10-04T08:44:00.6179321Z [31;1m   Compiling quote v1.0.47[0m
2026-10-04T08:44:00.6187470Z [31;1m   Compiling unicode-ident v1.0.26[0m
2026-10-04T08:44:00.6188820Z [31;1m   Compiling windows_x86_64_msvc v0.52.6[0m
2026-10-04T08:44:00.7543693Z [31;1m   Compiling serde_core v1.0.229[0m
2026-10-04T08:44:02.8814346Z [31;1m   Compiling zmij v1.0.23[0m
2026-10-04T08:44:02.9228930Z [31;1m   Compiling windows-targets v0.52.6[0m
2026-10-04T08:44:03.1089240Z [31;1m   Compiling windows-result v0.2.0[0m
2026-10-04T08:44:03.3824666Z [31;1m   Compiling windows-strings v0.1.0[0m
2026-10-04T08:44:03.4572246Z [31;1m   Compiling anyhow v1.0.104[0m
2026-10-04T08:44:03.9989232Z [31;1m   Compiling serde_json v1.0.151[0m
2026-10-04T08:44:04.2350127Z [31;1m   Compiling syn v2.0.119[0m
2026-10-04T08:44:04.2427710Z [31;1m   Compiling syn v3.0.6[0m
2026-10-04T08:44:04.6426016Z [31;1m   Compiling serde v1.0.229[0m
2026-10-04T08:44:06.4646090Z [31;1m   Compiling getrandom v0.4.3[0m
2026-10-04T08:44:06.5181839Z [31;1m   Compiling memchr v2.8.3[0m
2026-10-04T08:44:06.7984430Z [31;1m   Compiling itoa v1.0.18[0m
2026-10-04T08:44:07.7100462Z [31;1m   Compiling windows-sys v0.52.0[0m
2026-10-04T08:44:09.7946272Z [31;1m   Compiling zeroize v1.9.0[0m
2026-10-04T08:44:10.0127003Z [31;1m   Compiling base64 v0.22.1[0m
2026-10-04T08:44:10.1242709Z [31;1m   Compiling serde_derive v1.0.229[0m
2026-10-04T08:44:10.5242128Z [31;1m   Compiling cfg-if v1.0.5[0m
2026-10-04T08:44:10.5708801Z [31;1m   Compiling windows-link v0.2.1[0m
2026-10-04T08:44:10.6183021Z [31;1m   Compiling windows-sys v0.61.2[0m
2026-10-04T08:44:12.4947686Z [31;1m   Compiling once_cell v1.21.4[0m
2026-10-04T08:44:12.7423576Z [31;1m   Compiling fastrand v2.5.0[0m
2026-10-04T08:44:13.0410284Z [31;1m   Compiling yansi v1.0.1[0m
2026-10-04T08:44:13.1190970Z [31;1m   Compiling windows-interface v0.58.0[0m
2026-10-04T08:44:13.5635972Z [31;1m   Compiling windows-implement v0.58.0[0m
2026-10-04T08:44:14.5691694Z [31;1m   Compiling diff v0.1.13[0m
2026-10-04T08:44:14.8873663Z [31;1m   Compiling windows-core v0.58.0[0m
2026-10-04T08:44:15.0730802Z [31;1m   Compiling pretty_assertions v1.4.1[0m
2026-10-04T08:44:15.4616263Z [31;1m   Compiling windows v0.58.0[0m
2026-10-04T08:44:15.5291044Z [31;1m   Compiling tempfile v3.27.0[0m
2026-10-04T08:44:18.5258577Z [31;1m   Compiling pi-windows-sandbox v0.1.0 (D:\a\pi-windows-sandbox-poc\pi-windows-sandbox-poc\native\windows-sandbox)[0m
2026-10-04T08:44:19.5648955Z [31;1mwarning: function `grant_read_execute_aces` is never used[0m
2026-10-04T08:44:19.5649813Z [31;1m   --> src\acl.rs:648:22[0m
2026-10-04T08:44:19.5657640Z [31;1m    |[0m
2026-10-04T08:44:19.5660728Z [31;1m648 | pub(crate) unsafe fn grant_read_execute_aces([0m
2026-10-04T08:44:19.5663330Z [31;1m    |                      ^^^^^^^^^^^^^^^^^^^^^^^[0m
2026-10-04T08:44:19.5666108Z [31;1m    |[0m
2026-10-04T08:44:19.5669473Z [31;1m    = note: `#[warn(dead_code)]` (part of `#[warn(unused)]`) on by default[0m
2026-10-04T08:44:19.5671185Z [31;1m[0m
2026-10-04T08:44:19.5674671Z [31;1mwarning: function `remove_wfp_filters` is never used[0m
2026-10-04T08:44:19.5677188Z [31;1m   --> src\network\wfp.rs:107:15[0m
2026-10-04T08:44:19.5679652Z [31;1m    |[0m
2026-10-04T08:44:19.5682707Z [31;1m107 | pub(crate) fn remove_wfp_filters() -> Result<()> {[0m
2026-10-04T08:44:19.5685114Z [31;1m    |               ^^^^^^^^^^^^^^^^^^[0m
2026-10-04T08:44:19.5687626Z [31;1m[0m
2026-10-04T08:44:19.5690571Z [31;1mwarning: constant `PROC_THREAD_ATTRIBUTE_PSEUDOCONSOLE` is never used[0m
2026-10-04T08:44:19.5692949Z [31;1m  --> src\proc_thread_attr.rs:16:7[0m
2026-10-04T08:44:19.5695237Z [31;1m   |[0m
2026-10-04T08:44:19.5698170Z [31;1m16 | const PROC_THREAD_ATTRIBUTE_PSEUDOCONSOLE: usize = 0x0002_0016;[0m
2026-10-04T08:44:19.5700769Z [31;1m   |       ^^^^^^^^^^^^^^^^^^^^^^^^^^^^^^^^^^^[0m
2026-10-04T08:44:19.5703401Z [31;1m[0m
2026-10-04T08:44:19.5706292Z [31;1mwarning: field `desktop_app_policy` is never read[0m
2026-10-04T08:44:19.5708714Z [31;1m  --> src\proc_thread_attr.rs:22:5[0m
2026-10-04T08:44:19.5711375Z [31;1m   |[0m
2026-10-04T08:44:19.5714120Z [31;1m18 | pub struct ProcThreadAttributeList {[0m
2026-10-04T08:44:19.5716790Z [31;1m   |            ----------------------- field in this struct[0m
2026-10-04T08:44:19.5719238Z [31;1m...[0m
2026-10-04T08:44:19.5722044Z [31;1m22 |     desktop_app_policy: Option<Box<u32>>,[0m
2026-10-04T08:44:19.5724679Z [31;1m   |     ^^^^^^^^^^^^^^^^^^[0m
2026-10-04T08:44:19.5727150Z [31;1m[0m
2026-10-04T08:44:19.5730144Z [31;1mwarning: methods `set_pseudoconsole` and `preserve_desktop_app_context` are never used[0m
2026-10-04T08:44:19.5732472Z [31;1m  --> src\proc_thread_attr.rs:56:12[0m
2026-10-04T08:44:19.5735198Z [31;1m   |[0m
2026-10-04T08:44:19.5737955Z [31;1m25 | impl ProcThreadAttributeList {[0m
2026-10-04T08:44:19.5741152Z [31;1m   | ---------------------------- methods in this implementation[0m
2026-10-04T08:44:19.5743589Z [31;1m...[0m
2026-10-04T08:44:19.5747051Z [31;1m56 |     pub fn set_pseudoconsole(&mut self, hpc: isize) -> io::Result<()> {[0m
2026-10-04T08:44:19.5748892Z [31;1m   |            ^^^^^^^^^^^^^^^^^[0m
2026-10-04T08:44:19.5751379Z [31;1m...[0m
2026-10-04T08:44:19.5754214Z [31;1m89 |     pub fn preserve_desktop_app_context(&mut self) -> io::Result<()> {[0m
2026-10-04T08:44:19.5756396Z [31;1m   |            ^^^^^^^^^^^^^^^^^^^^^^^^^^^^[0m
2026-10-04T08:44:19.5759331Z [31;1m[0m
2026-10-04T08:44:19.5762598Z [31;1mwarning: variant `OpenOrCreate` is never constructed[0m
2026-10-04T08:44:19.5765498Z [31;1m  --> src\setup\no_reparse_dir.rs:80:5[0m
2026-10-04T08:44:19.5768278Z [31;1m   |[0m
2026-10-04T08:44:19.5771193Z [31;1m78 | pub enum DirectoryOpenDisposition {[0m
2026-10-04T08:44:19.5773981Z [31;1m   |          ------------------------ variant in this enum[0m
2026-10-04T08:44:19.5776645Z [31;1m79 |     OpenExisting,[0m
2026-10-04T08:44:19.5779377Z [31;1m80 |     OpenOrCreate,[0m
2026-10-04T08:44:19.5782918Z [31;1m   |     ^^^^^^^^^^^^[0m
2026-10-04T08:44:19.5785633Z [31;1m   |[0m
2026-10-04T08:44:19.5789243Z [31;1m   = note: `DirectoryOpenDisposition` has derived impls for the traits `Debug` and `Clone`, but these are intentionally ignored during dead code analysis[0m
2026-10-04T08:44:19.5790686Z [31;1m[0m
2026-10-04T08:44:20.7300777Z [31;1mwarning: `pi-windows-sandbox` (lib) generated 6 warnings[0m
2026-10-04T08:44:21.6435432Z [31;1m    Finished `dev` profile [unoptimized + debuginfo] target(s) in 27.24s[0m
2026-10-04T08:44:21.7670098Z ##[group]Run $identity = Get-Content lab-evidence/build-identity.json -Raw | ConvertFrom-Json
2026-10-04T08:44:21.7670842Z [36;1m$identity = Get-Content lab-evidence/build-identity.json -Raw | ConvertFrom-Json[0m
2026-10-04T08:44:21.7671455Z [36;1m./scripts/stage_windows_python_lab.ps1 -Phase Stage -ApprovedDisposableVm `[0m
2026-10-04T08:44:21.7672206Z [36;1m  -PythonHome $env:pythonLocation -BuildDirectory "$PWD/native/windows-sandbox/target/x86_64-pc-windows-msvc/debug" `[0m
2026-10-04T08:44:21.7673022Z [36;1m  -ExpectedDriverSha256 $identity.driverSha256 -ExpectedHelperSha256 $identity.helperSha256 `[0m
2026-10-04T08:44:21.7673922Z [36;1m  -ExpectedPythonSha256 $identity.pythonSha256 -ApprovedSourceSha256 $identity.sourceManifestSha256 2>&1 | Tee-Object -FilePath lab-evidence/stage.log[0m
2026-10-04T08:44:21.7713020Z shell: C:\Program Files\PowerShell\7\pwsh.EXE -command ". '{0}'"
2026-10-04T08:44:21.7713358Z env:
2026-10-04T08:44:21.7713571Z   CARGO_TERM_COLOR: never
2026-10-04T08:44:21.7713788Z   RUST_BACKTRACE: 1
2026-10-04T08:44:21.7713984Z   PYTHONUTF8: 1
2026-10-04T08:44:21.7714267Z   pythonLocation: C:\hostedtoolcache\windows\Python\3.12.10\x64
2026-10-04T08:44:21.7714727Z   PKG_CONFIG_PATH: C:\hostedtoolcache\windows\Python\3.12.10\x64/lib/pkgconfig
2026-10-04T08:44:21.7715169Z   Python_ROOT_DIR: C:\hostedtoolcache\windows\Python\3.12.10\x64
2026-10-04T08:44:21.7715582Z   Python2_ROOT_DIR: C:\hostedtoolcache\windows\Python\3.12.10\x64
2026-10-04T08:44:21.7715986Z   Python3_ROOT_DIR: C:\hostedtoolcache\windows\Python\3.12.10\x64
2026-10-04T08:44:21.7716336Z ##[endgroup]
2026-10-04T08:44:24.7504477Z [31;1mException: [0mD:\a\pi-windows-sandbox-poc\pi-windows-sandbox-poc\scripts\stage_windows_python_lab.ps1:39[0m
2026-10-04T08:44:24.7505607Z [31;1m[0m[36;1mLine |[0m
2026-10-04T08:44:24.7506727Z [31;1m[0m[36;1m[36;1m  39 | [0m … :ReparsePoint }) { [36;1mthrow 'Reparse-containing stage source refused.'[0m }[0m
2026-10-04T08:44:24.7507993Z [31;1m[0m[36;1m[36;1m[0m[36;1m[0m[36;1m     | [31;1m                      ~~~~~~~~~~~~~~~~~~~~~~~~~~~~~~~~~~~~~~~~~~~~~~~~[0m
2026-10-04T08:44:24.7509187Z [31;1m[0m[36;1m[36;1m[0m[36;1m[0m[36;1m[31;1m[31;1m[36;1m     | [31;1mReparse-containing stage source refused.[0m
2026-10-04T08:44:24.8015000Z ##[error]Process completed with exit code 1.
2026-10-04T08:44:24.8209972Z ##[group]Run actions/upload-artifact@ea165f8d65b6e75b540449e92b4886f43607fa02
2026-10-04T08:44:24.8210428Z with:
2026-10-04T08:44:24.8210692Z   name: windows-fixed-python-lab-evidence-37189834072-1
2026-10-04T08:44:24.8211011Z   retention-days: 7
2026-10-04T08:44:24.8211213Z   if-no-files-found: warn
2026-10-04T08:44:24.8211442Z   include-hidden-files: false
2026-10-04T08:44:24.8213145Z   path: lab-evidence/source-commit.txt
lab-evidence/SOURCE_SHA256SUMS.txt
lab-evidence/toolchain.txt
lab-evidence/build.log
lab-evidence/build-identity.json
lab-evidence/stage.log
lab-evidence/setup.log
lab-evidence/run.log
lab-evidence/disable.log
lab-evidence/stage-evidence.json
lab-evidence/baseline.json
lab-evidence/run-evidence.json
lab-evidence/recovery-evidence.json
lab-evidence/result-evidence.json
lab-evidence/summary-evidence.json

2026-10-04T08:44:24.8214872Z   compression-level: 6
2026-10-04T08:44:24.8215076Z   overwrite: false
2026-10-04T08:44:24.8215256Z env:
2026-10-04T08:44:24.8215660Z   CARGO_TERM_COLOR: never
2026-10-04T08:44:24.8215869Z   RUST_BACKTRACE: 1
2026-10-04T08:44:24.8216055Z   PYTHONUTF8: 1
2026-10-04T08:44:24.8216323Z   pythonLocation: C:\hostedtoolcache\windows\Python\3.12.10\x64
2026-10-04T08:44:24.8216776Z   PKG_CONFIG_PATH: C:\hostedtoolcache\windows\Python\3.12.10\x64/lib/pkgconfig
2026-10-04T08:44:24.8217217Z   Python_ROOT_DIR: C:\hostedtoolcache\windows\Python\3.12.10\x64
2026-10-04T08:44:24.8217607Z   Python2_ROOT_DIR: C:\hostedtoolcache\windows\Python\3.12.10\x64
2026-10-04T08:44:24.8217992Z   Python3_ROOT_DIR: C:\hostedtoolcache\windows\Python\3.12.10\x64
2026-10-04T08:44:24.8218296Z ##[endgroup]
2026-10-04T08:44:25.0065170Z (node:1528) [DEP0040] DeprecationWarning: The `punycode` module is deprecated. Please use a userland alternative instead.
2026-10-04T08:44:25.0066504Z (Use `node --trace-deprecation ...` to show where the warning was created)
2026-10-04T08:44:25.0192489Z Multiple search paths detected. Calculating the least common ancestor of all paths
2026-10-04T08:44:25.0200382Z The least common ancestor is D:\a\pi-windows-sandbox-poc\pi-windows-sandbox-poc\lab-evidence. This will be the root directory of the artifact
2026-10-04T08:44:25.0201360Z With the provided path, there will be 5 files uploaded
2026-10-04T08:44:25.0206181Z Artifact name is valid!
2026-10-04T08:44:25.0209040Z Root directory input is valid!
2026-10-04T08:44:25.4020418Z Beginning upload of artifact content to blob storage
2026-10-04T08:44:25.4295615Z (node:1528) [DEP0169] DeprecationWarning: `url.parse()` behavior is not standardized and prone to errors that have security implications. Use the WHATWG URL API instead. CVEs are not issued for `url.parse()` vulnerabilities.
2026-10-04T08:44:25.7034111Z Uploaded bytes 7446
2026-10-04T08:44:25.7798234Z Finished uploading artifact content to blob storage!
2026-10-04T08:44:25.7799365Z SHA256 digest of uploaded artifact zip is a03c6dbf395bc55b05fb3d41a8b0103676e249f3222a6e2c507a7441f376aa7e
2026-10-04T08:44:25.7801867Z Finalizing artifact upload
2026-10-04T08:44:26.0411309Z Artifact windows-fixed-python-lab-evidence-37189834072-1.zip successfully finalized. Artifact ID 11298790605
2026-10-04T08:44:26.0412600Z Artifact windows-fixed-python-lab-evidence-37189834072-1 has been successfully uploaded! Final size is 7446 bytes. Artifact ID is 11298790605
2026-10-04T08:44:26.0420378Z Artifact download URL: https://github.com/ni-taesoon/pi-windows-sandbox-poc/actions/runs/37189834072/artifacts/11298790605
2026-10-04T08:44:26.0705007Z Post job cleanup.
2026-10-04T08:44:26.2624946Z [command]"C:\Program Files\Git\bin\git.exe" version
2026-10-04T08:44:26.2897176Z git version 2.55.0.windows.5
2026-10-04T08:44:26.2955238Z Copying 'C:\Users\runneradmin\.gitconfig' to 'D:\a\_temp\3c87b618-310e-4b13-9005-39873bbf03c3\.gitconfig'
2026-10-04T08:44:26.2979021Z Temporarily overriding HOME='D:\a\_temp\3c87b618-310e-4b13-9005-39873bbf03c3' before making global git config changes
2026-10-04T08:44:26.2980483Z Adding repository directory to the temporary git global config as a safe directory
2026-10-04T08:44:26.2996594Z [command]"C:\Program Files\Git\bin\git.exe" config --global --add safe.directory D:\a\pi-windows-sandbox-poc\pi-windows-sandbox-poc
2026-10-04T08:44:26.3292513Z [command]"C:\Program Files\Git\bin\git.exe" config --local --name-only --get-regexp core\.sshCommand
2026-10-04T08:44:26.3559063Z [command]"C:\Program Files\Git\bin\git.exe" submodule foreach --recursive "sh -c \"git config --local --name-only --get-regexp 'core\.sshCommand' && git config --local --unset-all 'core.sshCommand' || :\""
2026-10-04T08:44:26.8100860Z [command]"C:\Program Files\Git\bin\git.exe" config --local --name-only --get-regexp http\.https\:\/\/github\.com\/\.extraheader
2026-10-04T08:44:26.8337261Z [command]"C:\Program Files\Git\bin\git.exe" submodule foreach --recursive "sh -c \"git config --local --name-only --get-regexp 'http\.https\:\/\/github\.com\/\.extraheader' && git config --local --unset-all 'http.https://github.com/.extraheader' || :\""
2026-10-04T08:44:27.3327364Z Cleaning up orphan processes
2026-10-04T08:44:27.3521164Z Terminate orphan process: pid (3552) (vctip)
2026-10-04T08:44:27.3539936Z ##[warning]Node.js 20 is deprecated. The following actions target Node.js 20 but are being forced to run on Node.js 24: actions/checkout@11bd71901bbe5b1630ceea73d27597364c9af683, actions/setup-python@a26af69be951a213d495a4c3e4e4022e16d87065, actions/upload-artifact@ea165f8d65b6e75b540449e92b4886f43607fa02. For more information see: https://github.blog/changelog/2025-09-19-deprecation-of-node-20-on-github-actions-runners/

