    Updating crates.io index
 Downloading crates ...
  Downloaded itoa v1.0.18
  Downloaded cfg-if v1.0.5
  Downloaded anyhow v1.0.104
  Downloaded windows-interface v0.58.0
  Downloaded windows-targets v0.52.6
  Downloaded windows-link v0.2.1
  Downloaded windows-result v0.2.0
  Downloaded windows-implement v0.58.0
  Downloaded windows-strings v0.1.0
  Downloaded zeroize v1.9.0
  Downloaded quote v1.0.47
  Downloaded zmij v1.0.23
  Downloaded windows-core v0.58.0
  Downloaded diff v0.1.13
  Downloaded once_cell v1.21.4
  Downloaded unicode-ident v1.0.26
  Downloaded tempfile v3.27.0
  Downloaded fastrand v2.5.0
  Downloaded getrandom v0.4.3
  Downloaded proc-macro2 v1.0.107
  Downloaded serde_derive v1.0.229
  Downloaded base64 v0.22.1
  Downloaded pretty_assertions v1.4.1
  Downloaded serde v1.0.229
  Downloaded serde_core v1.0.229
  Downloaded yansi v1.0.1
  Downloaded memchr v2.8.3
  Downloaded serde_json v1.0.151
  Downloaded syn v2.0.119
  Downloaded syn v3.0.6
  Downloaded windows_x86_64_msvc v0.52.6
  Downloaded windows-sys v0.61.2
  Downloaded windows-sys v0.52.0
  Downloaded windows v0.58.0
   Compiling proc-macro2 v1.0.107
   Compiling unicode-ident v1.0.26
   Compiling quote v1.0.47
   Compiling windows_x86_64_msvc v0.52.6
   Compiling serde_core v1.0.229
   Compiling zmij v1.0.23
   Compiling windows-targets v0.52.6
   Compiling windows-result v0.2.0
   Compiling windows-strings v0.1.0
   Compiling serde_json v1.0.151
   Compiling serde v1.0.229
   Compiling syn v2.0.119
   Compiling syn v3.0.6
   Compiling anyhow v1.0.104
   Compiling getrandom v0.4.3
   Compiling memchr v2.8.3
   Compiling itoa v1.0.18
   Compiling windows-sys v0.52.0
   Compiling cfg-if v1.0.5
   Compiling zeroize v1.9.0
   Compiling base64 v0.22.1
   Compiling serde_derive v1.0.229
   Compiling windows-link v0.2.1
   Compiling windows-sys v0.61.2
   Compiling fastrand v2.5.0
   Compiling diff v0.1.13
   Compiling windows-interface v0.58.0
   Compiling windows-implement v0.58.0
   Compiling once_cell v1.21.4
   Compiling windows-core v0.58.0
   Compiling yansi v1.0.1
   Compiling windows v0.58.0
   Compiling pretty_assertions v1.4.1
   Compiling tempfile v3.27.0
   Compiling pi-windows-sandbox v0.1.0 (D:\a\pi-windows-sandbox-poc\pi-windows-sandbox-poc\native\windows-sandbox)
warning: function `grant_read_execute_aces` is never used
   --> src\acl.rs:648:22
    |
648 | pub(crate) unsafe fn grant_read_execute_aces(
    |                      ^^^^^^^^^^^^^^^^^^^^^^^
    |
    = note: `#[warn(dead_code)]` (part of `#[warn(unused)]`) on by default

warning: function `remove_wfp_filters` is never used
   --> src\network\wfp.rs:107:15
    |
107 | pub(crate) fn remove_wfp_filters() -> Result<()> {
    |               ^^^^^^^^^^^^^^^^^^

warning: constant `PROC_THREAD_ATTRIBUTE_PSEUDOCONSOLE` is never used
  --> src\proc_thread_attr.rs:16:7
   |
16 | const PROC_THREAD_ATTRIBUTE_PSEUDOCONSOLE: usize = 0x0002_0016;
   |       ^^^^^^^^^^^^^^^^^^^^^^^^^^^^^^^^^^^

warning: field `desktop_app_policy` is never read
  --> src\proc_thread_attr.rs:22:5
   |
18 | pub struct ProcThreadAttributeList {
   |            ----------------------- field in this struct
...
22 |     desktop_app_policy: Option<Box<u32>>,
   |     ^^^^^^^^^^^^^^^^^^

warning: methods `set_pseudoconsole` and `preserve_desktop_app_context` are never used
  --> src\proc_thread_attr.rs:56:12
   |
25 | impl ProcThreadAttributeList {
   | ---------------------------- methods in this implementation
...
56 |     pub fn set_pseudoconsole(&mut self, hpc: isize) -> io::Result<()> {
   |            ^^^^^^^^^^^^^^^^^
...
89 |     pub fn preserve_desktop_app_context(&mut self) -> io::Result<()> {
   |            ^^^^^^^^^^^^^^^^^^^^^^^^^^^^

warning: variant `OpenOrCreate` is never constructed
  --> src\setup\no_reparse_dir.rs:80:5
   |
78 | pub enum DirectoryOpenDisposition {
   |          ------------------------ variant in this enum
79 |     OpenExisting,
80 |     OpenOrCreate,
   |     ^^^^^^^^^^^^
   |
   = note: `DirectoryOpenDisposition` has derived impls for the traits `Debug` and `Clone`, but these are intentionally ignored during dead code analysis

warning: `pi-windows-sandbox` (lib) generated 6 warnings
    Finished `dev` profile [unoptimized + debuginfo] target(s) in 27.78s
