2026-10-04T09:02:19.4186980Z Current runner version: '2.337.0'
2026-10-04T09:02:19.4211632Z ##[group]Runner Image Provisioner
2026-10-04T09:02:19.4212406Z Hosted Compute Agent
2026-10-04T09:02:19.4212983Z Version: 20260901.588
2026-10-04T09:02:19.4213561Z Commit: f88ec8081b781fac6c440065ac7ff9e710ce3d0b
2026-10-04T09:02:19.4214230Z Build Date: 2026-09-01T19:56:44Z
2026-10-04T09:02:19.4214853Z Worker ID: {2c3dc135-f4a1-4be2-a804-1d6235010836}
2026-10-04T09:02:19.4215497Z Azure Region: westus2
2026-10-04T09:02:19.4216034Z ##[endgroup]
2026-10-04T09:02:19.4217397Z ##[group]Operating System
2026-10-04T09:02:19.4218008Z Microsoft Windows Server 2022
2026-10-04T09:02:19.4218590Z 10.0.20348
2026-10-04T09:02:19.4219054Z Datacenter
2026-10-04T09:02:19.4219516Z ##[endgroup]
2026-10-04T09:02:19.4220008Z ##[group]Runner Image
2026-10-04T09:02:19.4220524Z Image: windows-2022
2026-10-04T09:02:19.4221019Z Version: 20260927.320.1
2026-10-04T09:02:19.4222410Z Included Software: https://github.com/actions/runner-images/blob/win22/20260927.320/images/windows/Windows2022-Readme.md
2026-10-04T09:02:19.4223875Z Image Release: https://github.com/actions/runner-images/releases/tag/win22%2F20260927.320
2026-10-04T09:02:19.4224760Z ##[endgroup]
2026-10-04T09:02:19.4225788Z ##[group]GITHUB_TOKEN Permissions
2026-10-04T09:02:19.4227511Z Contents: read
2026-10-04T09:02:19.4228183Z Metadata: read
2026-10-04T09:02:19.4228701Z ##[endgroup]
2026-10-04T09:02:19.4230665Z Secret source: Actions
2026-10-04T09:02:19.4231538Z Cache mode: write
2026-10-04T09:02:19.4232196Z Prepare workflow directory
2026-10-04T09:02:19.4670122Z Prepare all required actions
2026-10-04T09:02:19.4740649Z Getting action download info
2026-10-04T09:02:19.9044656Z Download action repository 'actions/checkout@11bd71901bbe5b1630ceea73d27597364c9af683' (SHA:11bd71901bbe5b1630ceea73d27597364c9af683)
2026-10-04T09:02:20.0158846Z Download action repository 'actions/setup-python@a26af69be951a213d495a4c3e4e4022e16d87065' (SHA:a26af69be951a213d495a4c3e4e4022e16d87065)
2026-10-04T09:02:20.1427906Z Download action repository 'actions/upload-artifact@ea165f8d65b6e75b540449e92b4886f43607fa02' (SHA:ea165f8d65b6e75b540449e92b4886f43607fa02)
2026-10-04T09:02:20.4716422Z Complete job name: fixed-python-lab
2026-10-04T09:02:20.6300394Z ##[group]Run if ($env:EVENT_REPOSITORY -cne 'ni-taesoon/pi-windows-sandbox-poc') { throw 'Unexpected repository.' }
2026-10-04T09:02:20.6302582Z [36;1mif ($env:EVENT_REPOSITORY -cne 'ni-taesoon/pi-windows-sandbox-poc') { throw 'Unexpected repository.' }[0m
2026-10-04T09:02:20.6304323Z [36;1mif ($env:ImageOS -ne 'win22') { throw 'Only fresh Windows Server 2022 hosted runners are in scope.' }[0m
2026-10-04T09:02:20.6305536Z [36;1mif ($env:EVENT_NAME -ceq 'push') {[0m
2026-10-04T09:02:20.6306858Z [36;1m  if ($env:PUSH_DELETED -cne 'false') { throw 'Branch deletion or unknown push state is not an approved lab trigger.' }[0m
2026-10-04T09:02:20.6308823Z [36;1m  if ($env:EVENT_REF -cne 'refs/heads/lab/approved-windows-python') { throw 'Push is outside the dedicated approved lab branch.' }[0m
2026-10-04T09:02:20.6310641Z [36;1m  if ($env:EVENT_SHA -cnotmatch '\A[0-9a-f]{40}\z') { throw 'Push commit is not an immutable SHA.' }[0m
2026-10-04T09:02:20.6312024Z [36;1m  # Operator must obtain action-time approval before pushing a reviewed[0m
2026-10-04T09:02:20.6313032Z [36;1m  # commit here. Branch naming alone never grants that authorization.[0m
2026-10-04T09:02:20.6313799Z [36;1m  $resolved = $env:EVENT_SHA[0m
2026-10-04T09:02:20.6314474Z [36;1m} elseif ($env:EVENT_NAME -ceq 'workflow_dispatch') {[0m
2026-10-04T09:02:20.6315642Z [36;1m  if ($env:APPROVED_SECURITY_CHANGES -cne 'true') { throw 'Security-change approval absent; no lab work permitted.' }[0m
2026-10-04T09:02:20.6317294Z [36;1m  if ($env:SOURCE_SHA -cne 'main' -and $env:SOURCE_SHA -cnotmatch '\A[0-9a-f]{40}\z') { throw 'source_sha must be main or a full lowercase reviewed SHA.' }[0m
2026-10-04T09:02:20.6318529Z [36;1m  $resolved = $env:SOURCE_SHA[0m
2026-10-04T09:02:20.6320864Z [36;1m  if ($resolved -ceq 'main') {[0m
2026-10-04T09:02:20.6321670Z [36;1m    # Resolve once, before checkout. Never place input in a shell command.[0m
2026-10-04T09:02:20.6322750Z [36;1m    # Fixed public remote/ref; no API token, credential persistence or dynamic URL.[0m
2026-10-04T09:02:20.6324099Z [36;1m    $remote = @(git ls-remote --exit-code --refs https://github.com/ni-taesoon/pi-windows-sandbox-poc.git refs/heads/main)[0m
2026-10-04T09:02:20.6325548Z [36;1m    if ($LASTEXITCODE -ne 0 -or $remote.Count -ne 1) { throw 'Cannot resolve exactly one main commit.' }[0m
2026-10-04T09:02:20.6326619Z [36;1m    if ($remote[0] -cmatch '\A([0-9a-f]{40})\trefs/heads/main\z') {[0m
2026-10-04T09:02:20.6327349Z [36;1m      $resolved = $Matches[1][0m
2026-10-04T09:02:20.6327988Z [36;1m    } else { throw 'Malformed main resolution.' }[0m
2026-10-04T09:02:20.6328601Z [36;1m  }[0m
2026-10-04T09:02:20.6329102Z [36;1m} else { throw 'Unsupported workflow event.' }[0m
2026-10-04T09:02:20.6329994Z [36;1m"sha=$resolved" | Out-File -FilePath $env:GITHUB_OUTPUT -Encoding utf8 -Append[0m
2026-10-04T09:02:20.6330953Z [36;1m"Resolved source commit for this attempt: $resolved"[0m
2026-10-04T09:02:20.6331891Z [36;1m# Preserve frozen manifest bytes during the first checkout on Windows.[0m
2026-10-04T09:02:20.6332741Z [36;1mgit config --global core.autocrlf false[0m
2026-10-04T09:02:20.6333611Z [36;1mif ($LASTEXITCODE -ne 0) { throw 'Cannot disable checkout newline conversion.' }[0m
2026-10-04T09:02:20.6334452Z [36;1mgit config --global core.eol lf[0m
2026-10-04T09:02:20.6335300Z [36;1mif ($LASTEXITCODE -ne 0) { throw 'Cannot select byte-stable checkout line endings.' }[0m
2026-10-04T09:02:20.6460357Z shell: C:\Program Files\PowerShell\7\pwsh.EXE -command ". '{0}'"
2026-10-04T09:02:20.6461499Z env:
2026-10-04T09:02:20.6461947Z   CARGO_TERM_COLOR: never
2026-10-04T09:02:20.6462448Z   RUST_BACKTRACE: 1
2026-10-04T09:02:20.6462902Z   PYTHONUTF8: 1
2026-10-04T09:02:20.6463333Z   SOURCE_SHA: 
2026-10-04T09:02:20.6463787Z   EVENT_NAME: push
2026-10-04T09:02:20.6464322Z   EVENT_REPOSITORY: ni-taesoon/pi-windows-sandbox-poc
2026-10-04T09:02:20.6467013Z   EVENT_REF: refs/heads/lab/approved-windows-python
2026-10-04T09:02:20.6467875Z   EVENT_SHA: a51dfb7d2a8a671ba469e7e03e050e7779d2376e
2026-10-04T09:02:20.6468509Z   PUSH_DELETED: false
2026-10-04T09:02:20.6468994Z   APPROVED_SECURITY_CHANGES: 
2026-10-04T09:02:20.6469494Z ##[endgroup]
2026-10-04T09:02:21.0608452Z Resolved source commit for this attempt: a51dfb7d2a8a671ba469e7e03e050e7779d2376e
2026-10-04T09:02:21.6044133Z ##[group]Run actions/checkout@11bd71901bbe5b1630ceea73d27597364c9af683
2026-10-04T09:02:21.6045734Z with:
2026-10-04T09:02:21.6046634Z   ref: a51dfb7d2a8a671ba469e7e03e050e7779d2376e
2026-10-04T09:02:21.6047869Z   persist-credentials: false
2026-10-04T09:02:21.6048853Z   fetch-depth: 1
2026-10-04T09:02:21.6049828Z   repository: ni-taesoon/pi-windows-sandbox-poc
2026-10-04T09:02:21.6059500Z   token: ***
2026-10-04T09:02:21.6060354Z   ssh-strict: true
2026-10-04T09:02:21.6061195Z   ssh-user: git
2026-10-04T09:02:21.6061996Z   clean: true
2026-10-04T09:02:21.6062855Z   sparse-checkout-cone-mode: true
2026-10-04T09:02:21.6063904Z   fetch-tags: false
2026-10-04T09:02:21.6064763Z   show-progress: true
2026-10-04T09:02:21.6065628Z   lfs: false
2026-10-04T09:02:21.6066424Z   submodules: false
2026-10-04T09:02:21.6067290Z   set-safe-directory: true
2026-10-04T09:02:21.6068191Z env:
2026-10-04T09:02:21.6068947Z   CARGO_TERM_COLOR: never
2026-10-04T09:02:21.6069900Z   RUST_BACKTRACE: 1
2026-10-04T09:02:21.6070747Z   PYTHONUTF8: 1
2026-10-04T09:02:21.6071540Z ##[endgroup]
2026-10-04T09:02:21.7660950Z Syncing repository: ni-taesoon/pi-windows-sandbox-poc
2026-10-04T09:02:21.7663821Z ##[group]Getting Git version info
2026-10-04T09:02:21.7665952Z Working directory is 'D:\a\pi-windows-sandbox-poc\pi-windows-sandbox-poc'
2026-10-04T09:02:21.8774351Z [command]"C:\Program Files\Git\bin\git.exe" version
2026-10-04T09:02:21.8990254Z git version 2.55.0.windows.5
2026-10-04T09:02:21.9027047Z ##[endgroup]
2026-10-04T09:02:21.9040438Z Copying 'C:\Users\runneradmin\.gitconfig' to 'D:\a\_temp\13d88628-ae61-4d48-b7b2-dc6aeebb5727\.gitconfig'
2026-10-04T09:02:21.9061113Z Temporarily overriding HOME='D:\a\_temp\13d88628-ae61-4d48-b7b2-dc6aeebb5727' before making global git config changes
2026-10-04T09:02:21.9063838Z Adding repository directory to the temporary git global config as a safe directory
2026-10-04T09:02:21.9072954Z [command]"C:\Program Files\Git\bin\git.exe" config --global --add safe.directory D:\a\pi-windows-sandbox-poc\pi-windows-sandbox-poc
2026-10-04T09:02:21.9294690Z Deleting the contents of 'D:\a\pi-windows-sandbox-poc\pi-windows-sandbox-poc'
2026-10-04T09:02:21.9299741Z ##[group]Initializing the repository
2026-10-04T09:02:21.9308776Z [command]"C:\Program Files\Git\bin\git.exe" init D:\a\pi-windows-sandbox-poc\pi-windows-sandbox-poc
2026-10-04T09:02:22.0035870Z Initialized empty Git repository in D:/a/pi-windows-sandbox-poc/pi-windows-sandbox-poc/.git/
2026-10-04T09:02:22.0072350Z [command]"C:\Program Files\Git\bin\git.exe" remote add origin https://github.com/ni-taesoon/pi-windows-sandbox-poc
2026-10-04T09:02:22.0583715Z ##[endgroup]
2026-10-04T09:02:22.0586081Z ##[group]Disabling automatic garbage collection
2026-10-04T09:02:22.0592311Z [command]"C:\Program Files\Git\bin\git.exe" config --local gc.auto 0
2026-10-04T09:02:22.0889992Z ##[endgroup]
2026-10-04T09:02:22.0892531Z ##[group]Setting up auth
2026-10-04T09:02:22.0901467Z [command]"C:\Program Files\Git\bin\git.exe" config --local --name-only --get-regexp core\.sshCommand
2026-10-04T09:02:22.1129399Z [command]"C:\Program Files\Git\bin\git.exe" submodule foreach --recursive "sh -c \"git config --local --name-only --get-regexp 'core\.sshCommand' && git config --local --unset-all 'core.sshCommand' || :\""
2026-10-04T09:02:23.3888350Z [command]"C:\Program Files\Git\bin\git.exe" config --local --name-only --get-regexp http\.https\:\/\/github\.com\/\.extraheader
2026-10-04T09:02:23.4136008Z [command]"C:\Program Files\Git\bin\git.exe" submodule foreach --recursive "sh -c \"git config --local --name-only --get-regexp 'http\.https\:\/\/github\.com\/\.extraheader' && git config --local --unset-all 'http.https://github.com/.extraheader' || :\""
2026-10-04T09:02:23.8242924Z [command]"C:\Program Files\Git\bin\git.exe" config --local http.https://github.com/.extraheader "AUTHORIZATION: basic ***"
2026-10-04T09:02:23.8477854Z ##[endgroup]
2026-10-04T09:02:23.8478650Z ##[group]Fetching the repository
2026-10-04T09:02:23.8493443Z [command]"C:\Program Files\Git\bin\git.exe" -c protocol.version=2 fetch --no-tags --prune --no-recurse-submodules --depth=1 origin a51dfb7d2a8a671ba469e7e03e050e7779d2376e
2026-10-04T09:02:24.7983899Z From https://github.com/ni-taesoon/pi-windows-sandbox-poc
2026-10-04T09:02:24.7984997Z  * branch            a51dfb7d2a8a671ba469e7e03e050e7779d2376e -> FETCH_HEAD
2026-10-04T09:02:24.8014958Z ##[endgroup]
2026-10-04T09:02:24.8015420Z ##[group]Determining the checkout info
2026-10-04T09:02:24.8018168Z ##[endgroup]
2026-10-04T09:02:24.8027175Z [command]"C:\Program Files\Git\bin\git.exe" sparse-checkout disable
2026-10-04T09:02:24.8402182Z [command]"C:\Program Files\Git\bin\git.exe" config --local --unset-all extensions.worktreeConfig
2026-10-04T09:02:24.8616488Z ##[group]Checking out the ref
2026-10-04T09:02:24.8624914Z [command]"C:\Program Files\Git\bin\git.exe" checkout --progress --force a51dfb7d2a8a671ba469e7e03e050e7779d2376e
2026-10-04T09:02:24.9286197Z Note: switching to 'a51dfb7d2a8a671ba469e7e03e050e7779d2376e'.
2026-10-04T09:02:24.9286678Z 
2026-10-04T09:02:24.9286958Z You are in 'detached HEAD' state. You can look around, make experimental
2026-10-04T09:02:24.9287681Z changes and commit them, and you can discard any commits you make in this
2026-10-04T09:02:24.9288330Z state without impacting any branches by switching back to a branch.
2026-10-04T09:02:24.9288616Z 
2026-10-04T09:02:24.9288799Z If you want to create a new branch to retain commits you create, you may
2026-10-04T09:02:24.9289476Z do so (now or later) by using -c with the switch command. Example:
2026-10-04T09:02:24.9289730Z 
2026-10-04T09:02:24.9289854Z   git switch -c <new-branch-name>
2026-10-04T09:02:24.9290025Z 
2026-10-04T09:02:24.9290131Z Or undo this operation with:
2026-10-04T09:02:24.9290287Z 
2026-10-04T09:02:24.9290374Z   git switch -
2026-10-04T09:02:24.9290536Z 
2026-10-04T09:02:24.9290776Z Turn off this advice by setting config variable advice.detachedHead to false
2026-10-04T09:02:24.9291117Z 
2026-10-04T09:02:24.9291414Z HEAD is now at a51dfb7 Merge pull request #3 from ni-taesoon/fix/windows-lab-auto-retry
2026-10-04T09:02:24.9377628Z ##[endgroup]
2026-10-04T09:02:24.9672275Z [command]"C:\Program Files\Git\bin\git.exe" log -1 --format=%H
2026-10-04T09:02:24.9873635Z a51dfb7d2a8a671ba469e7e03e050e7779d2376e
2026-10-04T09:02:24.9900997Z ##[group]Removing auth
2026-10-04T09:02:24.9908870Z [command]"C:\Program Files\Git\bin\git.exe" config --local --name-only --get-regexp core\.sshCommand
2026-10-04T09:02:25.0129766Z [command]"C:\Program Files\Git\bin\git.exe" submodule foreach --recursive "sh -c \"git config --local --name-only --get-regexp 'core\.sshCommand' && git config --local --unset-all 'core.sshCommand' || :\""
2026-10-04T09:02:25.4204597Z [command]"C:\Program Files\Git\bin\git.exe" config --local --name-only --get-regexp http\.https\:\/\/github\.com\/\.extraheader
2026-10-04T09:02:25.4403567Z http.https://github.com/.extraheader
2026-10-04T09:02:25.4438051Z [command]"C:\Program Files\Git\bin\git.exe" config --local --unset-all http.https://github.com/.extraheader
2026-10-04T09:02:25.4693880Z [command]"C:\Program Files\Git\bin\git.exe" submodule foreach --recursive "sh -c \"git config --local --name-only --get-regexp 'http\.https\:\/\/github\.com\/\.extraheader' && git config --local --unset-all 'http.https://github.com/.extraheader' || :\""
2026-10-04T09:02:25.9527680Z ##[endgroup]
2026-10-04T09:02:25.9795876Z ##[group]Run $actual = git rev-parse HEAD
2026-10-04T09:02:25.9796308Z [36;1m$actual = git rev-parse HEAD[0m
2026-10-04T09:02:25.9796791Z [36;1mif ($LASTEXITCODE -ne 0 -or $actual -cne $env:SOURCE_SHA) { throw 'Source identity mismatch.' }[0m
2026-10-04T09:02:25.9797361Z [36;1mNew-Item -ItemType Directory -Path lab-evidence | Out-Null[0m
2026-10-04T09:02:25.9797797Z [36;1m$actual | Set-Content lab-evidence/source-commit.txt[0m
2026-10-04T09:02:25.9841173Z shell: C:\Program Files\PowerShell\7\pwsh.EXE -command ". '{0}'"
2026-10-04T09:02:25.9841573Z env:
2026-10-04T09:02:25.9841763Z   CARGO_TERM_COLOR: never
2026-10-04T09:02:25.9841983Z   RUST_BACKTRACE: 1
2026-10-04T09:02:25.9842175Z   PYTHONUTF8: 1
2026-10-04T09:02:25.9842423Z   SOURCE_SHA: a51dfb7d2a8a671ba469e7e03e050e7779d2376e
2026-10-04T09:02:25.9842724Z ##[endgroup]
2026-10-04T09:02:26.4062921Z ##[group]Run actions/setup-python@a26af69be951a213d495a4c3e4e4022e16d87065
2026-10-04T09:02:26.4063379Z with:
2026-10-04T09:02:26.4063578Z   python-version: 3.12
2026-10-04T09:02:26.4063811Z   architecture: x64
2026-10-04T09:02:26.4064007Z   check-latest: false
2026-10-04T09:02:26.4066606Z   token: ***
2026-10-04T09:02:26.4066807Z   update-environment: true
2026-10-04T09:02:26.4067034Z   allow-prereleases: false
2026-10-04T09:02:26.4067247Z   freethreaded: false
2026-10-04T09:02:26.4067438Z env:
2026-10-04T09:02:26.4067614Z   CARGO_TERM_COLOR: never
2026-10-04T09:02:26.4067817Z   RUST_BACKTRACE: 1
2026-10-04T09:02:26.4068004Z   PYTHONUTF8: 1
2026-10-04T09:02:26.4068184Z ##[endgroup]
2026-10-04T09:02:26.5646324Z ##[group]Installed versions
2026-10-04T09:02:26.5804661Z (node:6532) [DEP0040] DeprecationWarning: The `punycode` module is deprecated. Please use a userland alternative instead.
2026-10-04T09:02:26.5805519Z (Use `node --trace-deprecation ...` to show where the warning was created)
2026-10-04T09:02:26.5806482Z Successfully set up CPython (3.12.10)
2026-10-04T09:02:26.5807375Z ##[endgroup]
2026-10-04T09:02:26.6033223Z ##[group]Run python -c "from pathlib import Path; from scripts.collect_windows_lab import source_identity; identity=source_identity(Path.cwd()); assert identity['allListedFilesMatch'] and identity['nativeFalseDeclarationObserved'], 'source manifest or production gate mismatch'; print(identity['manifestSha256'])"
2026-10-04T09:02:26.6035785Z [36;1mpython -c "from pathlib import Path; from scripts.collect_windows_lab import source_identity; identity=source_identity(Path.cwd()); assert identity['allListedFilesMatch'] and identity['nativeFalseDeclarationObserved'], 'source manifest or production gate mismatch'; print(identity['manifestSha256'])"[0m
2026-10-04T09:02:26.6037120Z [36;1mif ($LASTEXITCODE -ne 0) { throw 'Frozen source verification failed.' }[0m
2026-10-04T09:02:26.6037711Z [36;1mCopy-Item -LiteralPath SOURCE_SHA256SUMS.txt -Destination lab-evidence/SOURCE_SHA256SUMS.txt[0m
2026-10-04T09:02:26.6080010Z shell: C:\Program Files\PowerShell\7\pwsh.EXE -command ". '{0}'"
2026-10-04T09:02:26.6080371Z env:
2026-10-04T09:02:26.6080566Z   CARGO_TERM_COLOR: never
2026-10-04T09:02:26.6080774Z   RUST_BACKTRACE: 1
2026-10-04T09:02:26.6080962Z   PYTHONUTF8: 1
2026-10-04T09:02:26.6081229Z   pythonLocation: C:\hostedtoolcache\windows\Python\3.12.10\x64
2026-10-04T09:02:26.6081706Z   PKG_CONFIG_PATH: C:\hostedtoolcache\windows\Python\3.12.10\x64/lib/pkgconfig
2026-10-04T09:02:26.6082168Z   Python_ROOT_DIR: C:\hostedtoolcache\windows\Python\3.12.10\x64
2026-10-04T09:02:26.6082602Z   Python2_ROOT_DIR: C:\hostedtoolcache\windows\Python\3.12.10\x64
2026-10-04T09:02:26.6083013Z   Python3_ROOT_DIR: C:\hostedtoolcache\windows\Python\3.12.10\x64
2026-10-04T09:02:26.6083332Z ##[endgroup]
2026-10-04T09:02:30.2479783Z ab5be2f30d618b6742ab27365d236bd7e78d4a751de8be7788d2212d7dcef132
2026-10-04T09:02:30.3669482Z ##[group]Run rustup toolchain install stable --profile minimal --target x86_64-pc-windows-msvc
2026-10-04T09:02:30.3670272Z [36;1mrustup toolchain install stable --profile minimal --target x86_64-pc-windows-msvc[0m
2026-10-04T09:02:30.3670879Z [36;1mif ($LASTEXITCODE -ne 0) { throw 'Official Rust toolchain setup failed.' }[0m
2026-10-04T09:02:30.3671484Z [36;1mrustup run stable rustc --version --verbose | Tee-Object -FilePath lab-evidence/toolchain.txt[0m
2026-10-04T09:02:30.3672050Z [36;1mif ($LASTEXITCODE -ne 0) { throw 'Rust toolchain unavailable.' }[0m
2026-10-04T09:02:30.3673087Z [36;1mrustup run stable cargo build --locked --target x86_64-pc-windows-msvc --manifest-path native/windows-sandbox/Cargo.toml --bin pi-windows-sandbox --example python_lab 2>&1 | Tee-Object -FilePath lab-evidence/build.log[0m
2026-10-04T09:02:30.3674114Z [36;1mif ($LASTEXITCODE -ne 0) { throw 'Native build/link failed; no launch.' }[0m
2026-10-04T09:02:30.3674741Z [36;1m$build = "$PWD/native/windows-sandbox/target/x86_64-pc-windows-msvc/debug"[0m
2026-10-04T09:02:30.3675211Z [36;1m[ordered]@{[0m
2026-10-04T09:02:30.3675430Z [36;1m  sourceCommit = $env:SOURCE_SHA[0m
2026-10-04T09:02:30.3675900Z [36;1m  sourceManifestSha256 = (Get-FileHash SOURCE_SHA256SUMS.txt -Algorithm SHA256).Hash[0m
2026-10-04T09:02:30.3676531Z [36;1m  lockfileSha256 = (Get-FileHash native/windows-sandbox/Cargo.lock -Algorithm SHA256).Hash[0m
2026-10-04T09:02:30.3677153Z [36;1m  driverSha256 = (Get-FileHash "$build/examples/python_lab.exe" -Algorithm SHA256).Hash[0m
2026-10-04T09:02:30.3677751Z [36;1m  helperSha256 = (Get-FileHash "$build/pi-windows-sandbox.exe" -Algorithm SHA256).Hash[0m
2026-10-04T09:02:30.3678335Z [36;1m  pythonSha256 = (Get-FileHash "$env:pythonLocation/python.exe" -Algorithm SHA256).Hash[0m
2026-10-04T09:02:30.3679178Z [36;1m  provenance = 'Trusted pinned-source build and official setup-python runtime; hashes do not independently prove compiler or package provenance.'[0m
2026-10-04T09:02:30.3679924Z [36;1m} | ConvertTo-Json | Set-Content lab-evidence/build-identity.json[0m
2026-10-04T09:02:30.3719711Z shell: C:\Program Files\PowerShell\7\pwsh.EXE -command ". '{0}'"
2026-10-04T09:02:30.3720071Z env:
2026-10-04T09:02:30.3721107Z   CARGO_TERM_COLOR: never
2026-10-04T09:02:30.3721333Z   RUST_BACKTRACE: 1
2026-10-04T09:02:30.3721528Z   PYTHONUTF8: 1
2026-10-04T09:02:30.3721813Z   pythonLocation: C:\hostedtoolcache\windows\Python\3.12.10\x64
2026-10-04T09:02:30.3722286Z   PKG_CONFIG_PATH: C:\hostedtoolcache\windows\Python\3.12.10\x64/lib/pkgconfig
2026-10-04T09:02:30.3722760Z   Python_ROOT_DIR: C:\hostedtoolcache\windows\Python\3.12.10\x64
2026-10-04T09:02:30.3723167Z   Python2_ROOT_DIR: C:\hostedtoolcache\windows\Python\3.12.10\x64
2026-10-04T09:02:30.3723569Z   Python3_ROOT_DIR: C:\hostedtoolcache\windows\Python\3.12.10\x64
2026-10-04T09:02:30.3723937Z   SOURCE_SHA: a51dfb7d2a8a671ba469e7e03e050e7779d2376e
2026-10-04T09:02:30.3724226Z ##[endgroup]
2026-10-04T09:02:33.4801620Z info: syncing channel updates for stable-x86_64-pc-windows-msvc
2026-10-04T09:02:33.9465976Z info: latest update on 2026-10-01 for version 1.99.0 (b940084d7 2026-09-28)
2026-10-04T09:02:33.9765448Z info: removing previous version of component rustfmt
2026-10-04T09:02:33.9971911Z info: removing previous version of component clippy
2026-10-04T09:02:34.0170965Z info: removing previous version of component rust-std for target x86_64-pc-windows-gnu
2026-10-04T09:02:34.1402612Z info: removing previous version of component rust-std for target i686-pc-windows-msvc
2026-10-04T09:02:34.2219098Z info: removing previous version of component cargo
2026-10-04T09:02:34.2825846Z info: removing previous version of component rust-std
2026-10-04T09:02:34.3609735Z info: removing previous version of component rustc
2026-10-04T09:02:34.4300467Z info: downloading 7 components
2026-10-04T09:02:45.8526398Z 
2026-10-04T09:02:47.3512447Z   stable-x86_64-pc-windows-msvc updated - rustc 1.99.0 (b940084d7 2026-09-28) (from rustc 1.98.1 (48a229cea 2026-09-01))
2026-10-04T09:02:47.3513318Z 
2026-10-04T09:02:47.4616667Z rustc 1.99.0 (b940084d7 2026-09-28)
2026-10-04T09:02:47.4619974Z binary: rustc
2026-10-04T09:02:47.4622415Z commit-hash: b940084d7eb6a299eb4bfeb8e34901bc051e7ac4
2026-10-04T09:02:47.4624581Z commit-date: 2026-09-28
2026-10-04T09:02:47.4626827Z host: x86_64-pc-windows-msvc
2026-10-04T09:02:47.4629436Z release: 1.99.0
2026-10-04T09:02:47.4632007Z LLVM version: 23.1.1
2026-10-04T09:02:47.9904894Z [31;1m    Updating crates.io index[0m
2026-10-04T09:02:48.1811969Z [31;1m Downloading crates ...[0m
2026-10-04T09:02:48.4715617Z [31;1m  Downloaded itoa v1.0.18[0m
2026-10-04T09:02:48.4841203Z [31;1m  Downloaded cfg-if v1.0.5[0m
2026-10-04T09:02:48.4963132Z [31;1m  Downloaded anyhow v1.0.104[0m
2026-10-04T09:02:48.5436813Z [31;1m  Downloaded windows-interface v0.58.0[0m
2026-10-04T09:02:48.5500339Z [31;1m  Downloaded windows-targets v0.52.6[0m
2026-10-04T09:02:48.5575015Z [31;1m  Downloaded windows-link v0.2.1[0m
2026-10-04T09:02:48.5648829Z [31;1m  Downloaded windows-result v0.2.0[0m
2026-10-04T09:02:48.5799693Z [31;1m  Downloaded windows-implement v0.58.0[0m
2026-10-04T09:02:48.5872352Z [31;1m  Downloaded windows-strings v0.1.0[0m
2026-10-04T09:02:48.6034912Z [31;1m  Downloaded zeroize v1.9.0[0m
2026-10-04T09:02:48.6162493Z [31;1m  Downloaded quote v1.0.47[0m
2026-10-04T09:02:48.6427934Z [31;1m  Downloaded zmij v1.0.23[0m
2026-10-04T09:02:48.6777435Z [31;1m  Downloaded windows-core v0.58.0[0m
2026-10-04T09:02:48.7606632Z [31;1m  Downloaded diff v0.1.13[0m
2026-10-04T09:02:48.7774771Z [31;1m  Downloaded once_cell v1.21.4[0m
2026-10-04T09:02:48.8055231Z [31;1m  Downloaded unicode-ident v1.0.26[0m
2026-10-04T09:02:48.8406385Z [31;1m  Downloaded tempfile v3.27.0[0m
2026-10-04T09:02:48.8615617Z [31;1m  Downloaded fastrand v2.5.0[0m
2026-10-04T09:02:48.8767090Z [31;1m  Downloaded getrandom v0.4.3[0m
2026-10-04T09:02:49.0984693Z [31;1m  Downloaded proc-macro2 v1.0.107[0m
2026-10-04T09:02:49.1307487Z [31;1m  Downloaded serde_derive v1.0.229[0m
2026-10-04T09:02:49.1660651Z [31;1m  Downloaded base64 v0.22.1[0m
2026-10-04T09:02:49.2027432Z [31;1m  Downloaded pretty_assertions v1.4.1[0m
2026-10-04T09:02:49.2186384Z [31;1m  Downloaded serde v1.0.229[0m
2026-10-04T09:02:49.2548250Z [31;1m  Downloaded serde_core v1.0.229[0m
2026-10-04T09:02:49.2843874Z [31;1m  Downloaded yansi v1.0.1[0m
2026-10-04T09:02:49.3113441Z [31;1m  Downloaded memchr v2.8.3[0m
2026-10-04T09:02:49.3853492Z [31;1m  Downloaded serde_json v1.0.151[0m
2026-10-04T09:02:49.4698530Z [31;1m  Downloaded syn v2.0.119[0m
2026-10-04T09:02:49.5898781Z [31;1m  Downloaded syn v3.0.6[0m
2026-10-04T09:02:49.6908854Z [31;1m  Downloaded windows_x86_64_msvc v0.52.6[0m
2026-10-04T09:02:49.7200039Z [31;1m  Downloaded windows-sys v0.61.2[0m
2026-10-04T09:02:50.2559039Z [31;1m  Downloaded windows-sys v0.52.0[0m
2026-10-04T09:02:50.7141385Z [31;1m  Downloaded windows v0.58.0[0m
2026-10-04T09:02:54.1040401Z [31;1m   Compiling proc-macro2 v1.0.107[0m
2026-10-04T09:02:54.1043007Z [31;1m   Compiling unicode-ident v1.0.26[0m
2026-10-04T09:02:54.1047495Z [31;1m   Compiling quote v1.0.47[0m
2026-10-04T09:02:54.1052389Z [31;1m   Compiling windows_x86_64_msvc v0.52.6[0m
2026-10-04T09:02:54.2299436Z [31;1m   Compiling serde_core v1.0.229[0m
2026-10-04T09:02:56.4873558Z [31;1m   Compiling zmij v1.0.23[0m
2026-10-04T09:02:56.5671188Z [31;1m   Compiling windows-targets v0.52.6[0m
2026-10-04T09:02:56.6815079Z [31;1m   Compiling windows-result v0.2.0[0m
2026-10-04T09:02:56.9235213Z [31;1m   Compiling windows-strings v0.1.0[0m
2026-10-04T09:02:57.0379419Z [31;1m   Compiling serde_json v1.0.151[0m
2026-10-04T09:02:57.3627253Z [31;1m   Compiling serde v1.0.229[0m
2026-10-04T09:02:57.7996491Z [31;1m   Compiling syn v2.0.119[0m
2026-10-04T09:02:57.8830725Z [31;1m   Compiling syn v3.0.6[0m
2026-10-04T09:02:58.2477289Z [31;1m   Compiling anyhow v1.0.104[0m
2026-10-04T09:02:59.6224095Z [31;1m   Compiling getrandom v0.4.3[0m
2026-10-04T09:03:00.0491452Z [31;1m   Compiling memchr v2.8.3[0m
2026-10-04T09:03:00.1970461Z [31;1m   Compiling itoa v1.0.18[0m
2026-10-04T09:03:01.2622187Z [31;1m   Compiling windows-sys v0.52.0[0m
2026-10-04T09:03:03.4185222Z [31;1m   Compiling cfg-if v1.0.5[0m
2026-10-04T09:03:03.4724926Z [31;1m   Compiling zeroize v1.9.0[0m
2026-10-04T09:03:03.7140095Z [31;1m   Compiling base64 v0.22.1[0m
2026-10-04T09:03:03.8903521Z [31;1m   Compiling serde_derive v1.0.229[0m
2026-10-04T09:03:04.2520596Z [31;1m   Compiling windows-link v0.2.1[0m
2026-10-04T09:03:04.3101451Z [31;1m   Compiling windows-sys v0.61.2[0m
2026-10-04T09:03:06.2335972Z [31;1m   Compiling fastrand v2.5.0[0m
2026-10-04T09:03:06.5500667Z [31;1m   Compiling diff v0.1.13[0m
2026-10-04T09:03:06.8738352Z [31;1m   Compiling windows-interface v0.58.0[0m
2026-10-04T09:03:06.9991404Z [31;1m   Compiling windows-implement v0.58.0[0m
2026-10-04T09:03:08.2726426Z [31;1m   Compiling once_cell v1.21.4[0m
2026-10-04T09:03:08.3802409Z [31;1m   Compiling windows-core v0.58.0[0m
2026-10-04T09:03:08.5530418Z [31;1m   Compiling yansi v1.0.1[0m
2026-10-04T09:03:09.0567360Z [31;1m   Compiling windows v0.58.0[0m
2026-10-04T09:03:09.1892660Z [31;1m   Compiling pretty_assertions v1.4.1[0m
2026-10-04T09:03:09.2670793Z [31;1m   Compiling tempfile v3.27.0[0m
2026-10-04T09:03:12.2634518Z [31;1m   Compiling pi-windows-sandbox v0.1.0 (D:\a\pi-windows-sandbox-poc\pi-windows-sandbox-poc\native\windows-sandbox)[0m
2026-10-04T09:03:13.2810092Z [31;1mwarning: function `grant_read_execute_aces` is never used[0m
2026-10-04T09:03:13.2811945Z [31;1m   --> src\acl.rs:648:22[0m
2026-10-04T09:03:13.2821121Z [31;1m    |[0m
2026-10-04T09:03:13.2824092Z [31;1m648 | pub(crate) unsafe fn grant_read_execute_aces([0m
2026-10-04T09:03:13.2826877Z [31;1m    |                      ^^^^^^^^^^^^^^^^^^^^^^^[0m
2026-10-04T09:03:13.2829578Z [31;1m    |[0m
2026-10-04T09:03:13.2832616Z [31;1m    = note: `#[warn(dead_code)]` (part of `#[warn(unused)]`) on by default[0m
2026-10-04T09:03:13.2835140Z [31;1m[0m
2026-10-04T09:03:13.2838009Z [31;1mwarning: function `remove_wfp_filters` is never used[0m
2026-10-04T09:03:13.2840656Z [31;1m   --> src\network\wfp.rs:107:15[0m
2026-10-04T09:03:13.2843300Z [31;1m    |[0m
2026-10-04T09:03:13.2846224Z [31;1m107 | pub(crate) fn remove_wfp_filters() -> Result<()> {[0m
2026-10-04T09:03:13.2848836Z [31;1m    |               ^^^^^^^^^^^^^^^^^^[0m
2026-10-04T09:03:13.2851526Z [31;1m[0m
2026-10-04T09:03:13.2854518Z [31;1mwarning: constant `PROC_THREAD_ATTRIBUTE_PSEUDOCONSOLE` is never used[0m
2026-10-04T09:03:13.2857092Z [31;1m  --> src\proc_thread_attr.rs:16:7[0m
2026-10-04T09:03:13.2859746Z [31;1m   |[0m
2026-10-04T09:03:13.2862783Z [31;1m16 | const PROC_THREAD_ATTRIBUTE_PSEUDOCONSOLE: usize = 0x0002_0016;[0m
2026-10-04T09:03:13.2865337Z [31;1m   |       ^^^^^^^^^^^^^^^^^^^^^^^^^^^^^^^^^^^[0m
2026-10-04T09:03:13.2868221Z [31;1m[0m
2026-10-04T09:03:13.2871183Z [31;1mwarning: field `desktop_app_policy` is never read[0m
2026-10-04T09:03:13.2873825Z [31;1m  --> src\proc_thread_attr.rs:22:5[0m
2026-10-04T09:03:13.2876592Z [31;1m   |[0m
2026-10-04T09:03:13.2879813Z [31;1m18 | pub struct ProcThreadAttributeList {[0m
2026-10-04T09:03:13.2883355Z [31;1m   |            ----------------------- field in this struct[0m
2026-10-04T09:03:13.2885743Z [31;1m...[0m
2026-10-04T09:03:13.2888636Z [31;1m22 |     desktop_app_policy: Option<Box<u32>>,[0m
2026-10-04T09:03:13.2891438Z [31;1m   |     ^^^^^^^^^^^^^^^^^^[0m
2026-10-04T09:03:13.2894549Z [31;1m[0m
2026-10-04T09:03:13.2898066Z [31;1mwarning: methods `set_pseudoconsole` and `preserve_desktop_app_context` are never used[0m
2026-10-04T09:03:13.2901401Z [31;1m  --> src\proc_thread_attr.rs:56:12[0m
2026-10-04T09:03:13.2904252Z [31;1m   |[0m
2026-10-04T09:03:13.2907013Z [31;1m25 | impl ProcThreadAttributeList {[0m
2026-10-04T09:03:13.2909934Z [31;1m   | ---------------------------- methods in this implementation[0m
2026-10-04T09:03:13.2912256Z [31;1m...[0m
2026-10-04T09:03:13.2915873Z [31;1m56 |     pub fn set_pseudoconsole(&mut self, hpc: isize) -> io::Result<()> {[0m
2026-10-04T09:03:13.2917896Z [31;1m   |            ^^^^^^^^^^^^^^^^^[0m
2026-10-04T09:03:13.2920542Z [31;1m...[0m
2026-10-04T09:03:13.2923705Z [31;1m89 |     pub fn preserve_desktop_app_context(&mut self) -> io::Result<()> {[0m
2026-10-04T09:03:13.2926119Z [31;1m   |            ^^^^^^^^^^^^^^^^^^^^^^^^^^^^[0m
2026-10-04T09:03:13.2928745Z [31;1m[0m
2026-10-04T09:03:13.2931634Z [31;1mwarning: variant `OpenOrCreate` is never constructed[0m
2026-10-04T09:03:13.2934247Z [31;1m  --> src\setup\no_reparse_dir.rs:80:5[0m
2026-10-04T09:03:13.2936862Z [31;1m   |[0m
2026-10-04T09:03:13.2939738Z [31;1m78 | pub enum DirectoryOpenDisposition {[0m
2026-10-04T09:03:13.2942599Z [31;1m   |          ------------------------ variant in this enum[0m
2026-10-04T09:03:13.2945251Z [31;1m79 |     OpenExisting,[0m
2026-10-04T09:03:13.2948006Z [31;1m80 |     OpenOrCreate,[0m
2026-10-04T09:03:13.2951449Z [31;1m   |     ^^^^^^^^^^^^[0m
2026-10-04T09:03:13.2954443Z [31;1m   |[0m
2026-10-04T09:03:13.2958287Z [31;1m   = note: `DirectoryOpenDisposition` has derived impls for the traits `Debug` and `Clone`, but these are intentionally ignored during dead code analysis[0m
2026-10-04T09:03:13.2959964Z [31;1m[0m
2026-10-04T09:03:14.4542032Z [31;1mwarning: `pi-windows-sandbox` (lib) generated 6 warnings[0m
2026-10-04T09:03:15.3798030Z [31;1m    Finished `dev` profile [unoptimized + debuginfo] target(s) in 27.78s[0m
2026-10-04T09:03:15.4994847Z ##[group]Run pwsh -NoProfile -File tests/windows-lab/test_stage_sources.ps1 2>&1 | Tee-Object -FilePath lab-evidence/stage-selector-test.log
2026-10-04T09:03:15.4995993Z [36;1mpwsh -NoProfile -File tests/windows-lab/test_stage_sources.ps1 2>&1 | Tee-Object -FilePath lab-evidence/stage-selector-test.log[0m
2026-10-04T09:03:15.4996866Z [36;1mif ($LASTEXITCODE -ne 0) { throw 'Mocked stage selector regression failed; no staging permitted.' }[0m
2026-10-04T09:03:15.5035870Z shell: C:\Program Files\PowerShell\7\pwsh.EXE -command ". '{0}'"
2026-10-04T09:03:15.5036393Z env:
2026-10-04T09:03:15.5036586Z   CARGO_TERM_COLOR: never
2026-10-04T09:03:15.5036815Z   RUST_BACKTRACE: 1
2026-10-04T09:03:15.5037010Z   PYTHONUTF8: 1
2026-10-04T09:03:15.5037297Z   pythonLocation: C:\hostedtoolcache\windows\Python\3.12.10\x64
2026-10-04T09:03:15.5037786Z   PKG_CONFIG_PATH: C:\hostedtoolcache\windows\Python\3.12.10\x64/lib/pkgconfig
2026-10-04T09:03:15.5038309Z   Python_ROOT_DIR: C:\hostedtoolcache\windows\Python\3.12.10\x64
2026-10-04T09:03:15.5038732Z   Python2_ROOT_DIR: C:\hostedtoolcache\windows\Python\3.12.10\x64
2026-10-04T09:03:15.5039141Z   Python3_ROOT_DIR: C:\hostedtoolcache\windows\Python\3.12.10\x64
2026-10-04T09:03:15.5039467Z ##[endgroup]
2026-10-04T09:03:16.3660980Z MOCK_SELECTOR_PASS: copied input selection, irrelevant build link ignored, runtime/helper/ancestor link refusal, exact diagnostics. No native sandbox execution.
2026-10-04T09:03:16.4758167Z ##[group]Run $identity = Get-Content lab-evidence/build-identity.json -Raw | ConvertFrom-Json
2026-10-04T09:03:16.4758986Z [36;1m$identity = Get-Content lab-evidence/build-identity.json -Raw | ConvertFrom-Json[0m
2026-10-04T09:03:16.4759581Z [36;1m./scripts/stage_windows_python_lab.ps1 -Phase Stage -ApprovedDisposableVm `[0m
2026-10-04T09:03:16.4760331Z [36;1m  -PythonHome $env:pythonLocation -BuildDirectory "$PWD/native/windows-sandbox/target/x86_64-pc-windows-msvc/debug" `[0m
2026-10-04T09:03:16.4761115Z [36;1m  -ExpectedDriverSha256 $identity.driverSha256 -ExpectedHelperSha256 $identity.helperSha256 `[0m
2026-10-04T09:03:16.4762035Z [36;1m  -ExpectedPythonSha256 $identity.pythonSha256 -ApprovedSourceSha256 $identity.sourceManifestSha256 2>&1 | Tee-Object -FilePath lab-evidence/stage.log[0m
2026-10-04T09:03:16.4803312Z shell: C:\Program Files\PowerShell\7\pwsh.EXE -command ". '{0}'"
2026-10-04T09:03:16.4803674Z env:
2026-10-04T09:03:16.4803909Z   CARGO_TERM_COLOR: never
2026-10-04T09:03:16.4804135Z   RUST_BACKTRACE: 1
2026-10-04T09:03:16.4804328Z   PYTHONUTF8: 1
2026-10-04T09:03:16.4804623Z   pythonLocation: C:\hostedtoolcache\windows\Python\3.12.10\x64
2026-10-04T09:03:16.4805083Z   PKG_CONFIG_PATH: C:\hostedtoolcache\windows\Python\3.12.10\x64/lib/pkgconfig
2026-10-04T09:03:16.4805553Z   Python_ROOT_DIR: C:\hostedtoolcache\windows\Python\3.12.10\x64
2026-10-04T09:03:16.4805962Z   Python2_ROOT_DIR: C:\hostedtoolcache\windows\Python\3.12.10\x64
2026-10-04T09:03:16.4806376Z   Python3_ROOT_DIR: C:\hostedtoolcache\windows\Python\3.12.10\x64
2026-10-04T09:03:16.4806695Z ##[endgroup]
2026-10-04T09:03:17.2380385Z [31;1mException: [0mD:\a\pi-windows-sandbox-poc\pi-windows-sandbox-poc\scripts\windows_lab_stage_sources.ps1:13[0m
2026-10-04T09:03:17.2381602Z [31;1m[0m[36;1mLine |[0m
2026-10-04T09:03:17.2382370Z [31;1m[0m[36;1m[36;1m  13 | [0m     [36;1mthrow "Reparse-containing stage source refused: $detail"[0m
2026-10-04T09:03:17.2383100Z [31;1m[0m[36;1m[36;1m[0m[36;1m[0m[36;1m     | [31;1m     ~~~~~~~~~~~~~~~~~~~~~~~~~~~~~~~~~~~~~~~~~~~~~~~~~~~~~~~~[0m
2026-10-04T09:03:17.2383926Z [31;1m[0m[36;1m[36;1m[0m[36;1m[0m[36;1m[31;1m[31;1m[36;1m     | [31;1mReparse-containing stage source refused:[0m
2026-10-04T09:03:17.2385594Z [31;1m[0m[36;1m[36;1m[0m[36;1m[0m[36;1m[31;1m[31;1m[36;1m[31;1m[36;1m     | [31;1m{"sourceRole":"python-runtime","path":"C:\\hostedtoolcache\\windows\\Python\\3.12.10\\x64\\python3.exe","linkType":"SymbolicLink","attributes":"Archive, ReparsePoint"}[0m
2026-10-04T09:03:17.2887395Z ##[error]Process completed with exit code 1.
2026-10-04T09:03:17.3085640Z ##[group]Run actions/upload-artifact@ea165f8d65b6e75b540449e92b4886f43607fa02
2026-10-04T09:03:17.3086116Z with:
2026-10-04T09:03:17.3086382Z   name: windows-fixed-python-lab-evidence-37190848450-1
2026-10-04T09:03:17.3086708Z   retention-days: 7
2026-10-04T09:03:17.3086913Z   if-no-files-found: warn
2026-10-04T09:03:17.3087147Z   include-hidden-files: false
2026-10-04T09:03:17.3089012Z   path: lab-evidence/source-commit.txt
lab-evidence/SOURCE_SHA256SUMS.txt
lab-evidence/toolchain.txt
lab-evidence/build.log
lab-evidence/build-identity.json
lab-evidence/stage-selector-test.log
lab-evidence/stage.log
lab-evidence/setup.log
lab-evidence/run.log
lab-evidence/disable.log
lab-evidence/stage-evidence.json
lab-evidence/baseline.json
lab-evidence/run-evidence.json
lab-evidence/recovery-evidence.json
lab-evidence/result-evidence.json
lab-evidence/summary-evidence.json

2026-10-04T09:03:17.3091686Z   compression-level: 6
2026-10-04T09:03:17.3091904Z   overwrite: false
2026-10-04T09:03:17.3092138Z env:
2026-10-04T09:03:17.3092317Z   CARGO_TERM_COLOR: never
2026-10-04T09:03:17.3092531Z   RUST_BACKTRACE: 1
2026-10-04T09:03:17.3092725Z   PYTHONUTF8: 1
2026-10-04T09:03:17.3093011Z   pythonLocation: C:\hostedtoolcache\windows\Python\3.12.10\x64
2026-10-04T09:03:17.3093477Z   PKG_CONFIG_PATH: C:\hostedtoolcache\windows\Python\3.12.10\x64/lib/pkgconfig
2026-10-04T09:03:17.3093924Z   Python_ROOT_DIR: C:\hostedtoolcache\windows\Python\3.12.10\x64
2026-10-04T09:03:17.3094333Z   Python2_ROOT_DIR: C:\hostedtoolcache\windows\Python\3.12.10\x64
2026-10-04T09:03:17.3094736Z   Python3_ROOT_DIR: C:\hostedtoolcache\windows\Python\3.12.10\x64
2026-10-04T09:03:17.3095048Z ##[endgroup]
2026-10-04T09:03:17.4952636Z (node:4048) [DEP0040] DeprecationWarning: The `punycode` module is deprecated. Please use a userland alternative instead.
2026-10-04T09:03:17.4954093Z (Use `node --trace-deprecation ...` to show where the warning was created)
2026-10-04T09:03:17.5093758Z Multiple search paths detected. Calculating the least common ancestor of all paths
2026-10-04T09:03:17.5101796Z The least common ancestor is D:\a\pi-windows-sandbox-poc\pi-windows-sandbox-poc\lab-evidence. This will be the root directory of the artifact
2026-10-04T09:03:17.5103124Z With the provided path, there will be 6 files uploaded
2026-10-04T09:03:17.5108652Z Artifact name is valid!
2026-10-04T09:03:17.5111343Z Root directory input is valid!
2026-10-04T09:03:17.8889673Z Beginning upload of artifact content to blob storage
2026-10-04T09:03:17.9250471Z (node:4048) [DEP0169] DeprecationWarning: `url.parse()` behavior is not standardized and prone to errors that have security implications. Use the WHATWG URL API instead. CVEs are not issued for `url.parse()` vulnerabilities.
2026-10-04T09:03:18.2132283Z Uploaded bytes 8350
2026-10-04T09:03:18.2925796Z Finished uploading artifact content to blob storage!
2026-10-04T09:03:18.2927054Z SHA256 digest of uploaded artifact zip is 5ee5f09a2ee54fa38580b2f7604f76cd4965ff0fb0f0aedd6ea2a01e23faf579
2026-10-04T09:03:18.2929743Z Finalizing artifact upload
2026-10-04T09:03:18.5258304Z Artifact windows-fixed-python-lab-evidence-37190848450-1.zip successfully finalized. Artifact ID 11299266454
2026-10-04T09:03:18.5260706Z Artifact windows-fixed-python-lab-evidence-37190848450-1 has been successfully uploaded! Final size is 8350 bytes. Artifact ID is 11299266454
2026-10-04T09:03:18.5269946Z Artifact download URL: https://github.com/ni-taesoon/pi-windows-sandbox-poc/actions/runs/37190848450/artifacts/11299266454
2026-10-04T09:03:18.5560166Z Post job cleanup.
2026-10-04T09:03:18.7506422Z [command]"C:\Program Files\Git\bin\git.exe" version
2026-10-04T09:03:18.7725293Z git version 2.55.0.windows.5
2026-10-04T09:03:18.7781975Z Copying 'C:\Users\runneradmin\.gitconfig' to 'D:\a\_temp\e576a11f-0f6d-4e6c-8b70-a81c04a22d8e\.gitconfig'
2026-10-04T09:03:18.7805112Z Temporarily overriding HOME='D:\a\_temp\e576a11f-0f6d-4e6c-8b70-a81c04a22d8e' before making global git config changes
2026-10-04T09:03:18.7806647Z Adding repository directory to the temporary git global config as a safe directory
2026-10-04T09:03:18.7818408Z [command]"C:\Program Files\Git\bin\git.exe" config --global --add safe.directory D:\a\pi-windows-sandbox-poc\pi-windows-sandbox-poc
2026-10-04T09:03:18.8060757Z [command]"C:\Program Files\Git\bin\git.exe" config --local --name-only --get-regexp core\.sshCommand
2026-10-04T09:03:18.8291760Z [command]"C:\Program Files\Git\bin\git.exe" submodule foreach --recursive "sh -c \"git config --local --name-only --get-regexp 'core\.sshCommand' && git config --local --unset-all 'core.sshCommand' || :\""
2026-10-04T09:03:19.2857903Z [command]"C:\Program Files\Git\bin\git.exe" config --local --name-only --get-regexp http\.https\:\/\/github\.com\/\.extraheader
2026-10-04T09:03:19.3087426Z [command]"C:\Program Files\Git\bin\git.exe" submodule foreach --recursive "sh -c \"git config --local --name-only --get-regexp 'http\.https\:\/\/github\.com\/\.extraheader' && git config --local --unset-all 'http.https://github.com/.extraheader' || :\""
2026-10-04T09:03:19.7695125Z Cleaning up orphan processes
2026-10-04T09:03:19.7904219Z Terminate orphan process: pid (7220) (vctip)
2026-10-04T09:03:19.8054635Z ##[warning]Node.js 20 is deprecated. The following actions target Node.js 20 but are being forced to run on Node.js 24: actions/checkout@11bd71901bbe5b1630ceea73d27597364c9af683, actions/setup-python@a26af69be951a213d495a4c3e4e4022e16d87065, actions/upload-artifact@ea165f8d65b6e75b540449e92b4886f43607fa02. For more information see: https://github.blog/changelog/2025-09-19-deprecation-of-node-20-on-github-actions-runners/

