npm warn Unknown env config "http-proxy". This will stop working in the next major version of npm.

> pi-windows-sandbox-poc@0.2.0 test
> node --test

✔ immutable deterministic policy, deny overrides and boundary-safe containment (4.632501ms)
✔ reject Windows lexical ambiguities (0.381275ms)
✔ strict fields, environment allowlist and bounds (1.57731ms)
✔ default and unknown backend fail closed (1.720005ms)
✔ all operations use backend and exact replay is executed once (4.749398ms)
✔ same ID conflicting payload and active session serialization (2.815098ms)
✔ cancel is idempotent and admission differs from confirmed termination (2.413543ms)
✔ timeout and output limits stop backend, bounded terminal results (11.713886ms)
✔ missing termination blocks subsequent work until verified close (1.056174ms)
✔ expired or mutated policy cannot start (0.544501ms)
✔ request replay budget never evicts completed records (0.498172ms)
✔ concurrent close performs one native cleanup (0.582714ms)
✔ hung execute and cancel reach bounded unknown result and block broker (15.451708ms)
✔ hung close is bounded and never restores ready (10.320174ms)
✔ early explicit cancellation watchdog does not wait for wall timeout (11.527256ms)
✔ malformed native data is an unknown result and blocks reuse (0.784674ms)
✔ backend exceptions never imply confirmed cleanup, including known error names (0.78203ms)
✔ hanging capabilities is bounded, blocks admission and requires settled preparation before cleanup (20.651674ms)
✔ hanging prepare and late success never activate a timed-out session (20.629997ms)
✔ close during prepare fences activation and waits for settle before native cleanup (0.723502ms)
✔ close during capability query prevents native prepare from starting (0.521527ms)
✔ redundant root separators remain absolute drive roots and cannot be write roots (0.255887ms)
✔ read content budget excludes JSON and base64 overhead (0.947039ms)
✔ read content over decoded byte budget fails without truncating JSON (1.354424ms)
✔ file operation errors require confirmed termination; unknown failures remain blocked (0.843663ms)
✔ UTF-8 byte ranges preserve every byte across multibyte boundaries and permit session reuse (712.391957ms)
✔ Pi read exposes lossless encoding metadata for invalid UTF-8, then reuses the session (113.108463ms)
✔ missing file is FILE_OPERATION_FAILED with verified cleanup and next Pi read succeeds (121.857827ms)
✔ invalid UTF-8 edit is recoverable without mutation and subsequent read succeeds (113.370082ms)
✔ invalid UTF-8 edit rejects without mutating any bytes (93.006303ms)
✔ overlapping edit matches conflict before mutation (73.155928ms)
✔ valid UTF-8 edits preserve a leading BOM (63.30082ms)
✔ standalone native policy explicitly includes offline and deny rules (3.953486ms)
✔ policy digest tampering is rejected (0.917004ms)
✔ standalone invocation directly targets own runner without external CLI or supervisor (1.898155ms)
✔ file content is child stdin data, never worker source or outer argv (1.995542ms)
✔ shell is encoded for the child, never evaluated by a host shell (0.769541ms)
✔ broker refuses unvalidated native engine even if a build exists (1.507995ms)
✔ request cannot override operator runtime or activate enforcement (0.826858ms)
✔ trusted runtime paths cannot reside inside writable roots (0.352462ms)
✔ oversized child command lines reject rather than truncate (0.823613ms)
✔ diagnostic error cannot become successful exit code (0.327134ms)
✔ pre-aborted native transport does not spawn (3.800706ms)
✔ transport watchdog bounds child that never closes after kill (19.190669ms)
✔ native error gate propagates without success or cleanup inference (1.086199ms)
✔ JSON framing overhead does not consume native content budget (0.655319ms)
✔ combined streams respect byte budget and require cleanup attestations (0.650662ms)
✔ native stdout preserves non-UTF-8 bytes through base64 (0.394645ms)
✔ invalid or noncanonical base64 is rejected (0.897655ms)
✔ file result framing has a separate bound from one-byte read content (3.94279ms)
✔ tiny mutation output budget does not truncate write metadata (2.002121ms)
✔ native stop reasons cannot report normal success even with exit code zero (0.758034ms)
✔ absent or unknown native stop reason fails closed (0.58255ms)
✔ parent death cannot return successful structured file data (2.216645ms)
✔ all supported operations carry immutable session policy binding (4.230534ms)
✔ Bash and authority-injection fields fail before broker (1.156795ms)
✔ no retry or success on broker denial, unknown result, or identity mismatch (0.738344ms)
✔ pre-aborted calls do not dispatch (0.363839ms)
✔ abort forwards exact request ID and waits for broker outcome (0.929323ms)
✔ factory locks tool selection, suppresses discovery, exposes no raw session (1.693816ms)
✔ unexpected active tool or SDK version refuses session (0.517551ms)
✔ adapter contains no host file/process imports (13.940487ms)
✔ relative paths are anchored without erasing traversal evidence (0.857624ms)
✔ adapter integrates with actual broker contract, using a fake native backend only (6.445497ms)
✔ UTF-8 split chunks decode incrementally per output stream (0.453194ms)
✔ optional real Pi SDK: in-memory initialization, verified registry, disposal (635.055931ms)
ℹ tests 66
ℹ suites 0
ℹ pass 66
ℹ fail 0
ℹ cancelled 0
ℹ skipped 0
ℹ todo 0
ℹ duration_ms 1293.924243
